Component: ARM Compiler 5.05 update 2 (build 169) Tool: armlink [4d0f33]

==============================================================================

Section Cross References

    lab3.o(i.EXTI0_IRQHandler) refers to lab3.o(i.PG8off) for PG8off
    lab3.o(i.EXTI0_IRQHandler) refers to lab3.o(i.PG6) for PG6
    lab3.o(i.EXTI15_10_IRQHandler) refers to lab3.o(i.PG6off) for PG6off
    lab3.o(i.EXTI15_10_IRQHandler) refers to lab3.o(i.PG8) for PG8
    lab3.o(i.PG6) refers to lab3.o(.data) for j
    lab3.o(i.PG7) refers to lab3.o(.data) for j
    lab3.o(i.PG8) refers to lab3.o(.data) for j
    lab3.o(i.delay) refers to lab3.o(.data) for j
    lab3.o(i.main) refers to lab3.o(i.PG7off) for PG7off
    lab3.o(i.main) refers to lab3.o(i.PG6off) for PG6off
    lab3.o(i.main) refers to lab3.o(i.PG8off) for PG8off
    lab3.o(i.main) refers to lab3.o(i.delay) for delay
    lab3.o(i.main) refers to lab3.o(i.__NVIC_SetPriority) for __NVIC_SetPriority
    lab3.o(i.main) refers to lab3.o(i.__NVIC_EnableIRQ) for __NVIC_EnableIRQ
    lab3.o(i.main) refers to lab3.o(i.PG7) for PG7
    stm32f2xx_hal.o(i.HAL_DeInit) refers to stm32f2xx_hal.o(i.HAL_MspDeInit) for HAL_MspDeInit
    stm32f2xx_hal.o(i.HAL_Delay) refers to stm32f2xx_hal.o(i.HAL_GetTick) for HAL_GetTick
    stm32f2xx_hal.o(i.HAL_Delay) refers to stm32f2xx_hal.o(.data) for uwTickFreq
    stm32f2xx_hal.o(i.HAL_GetTick) refers to stm32f2xx_hal.o(.data) for uwTick
    stm32f2xx_hal.o(i.HAL_GetTickFreq) refers to stm32f2xx_hal.o(.data) for uwTickFreq
    stm32f2xx_hal.o(i.HAL_GetTickPrio) refers to stm32f2xx_hal.o(.data) for uwTickPrio
    stm32f2xx_hal.o(i.HAL_IncTick) refers to stm32f2xx_hal.o(.data) for uwTick
    stm32f2xx_hal.o(i.HAL_Init) refers to stm32f2xx_hal_cortex.o(i.HAL_NVIC_SetPriorityGrouping) for HAL_NVIC_SetPriorityGrouping
    stm32f2xx_hal.o(i.HAL_Init) refers to stm32f2xx_hal.o(i.HAL_InitTick) for HAL_InitTick
    stm32f2xx_hal.o(i.HAL_Init) refers to stm32f2xx_hal.o(i.HAL_MspInit) for HAL_MspInit
    stm32f2xx_hal.o(i.HAL_InitTick) refers to stm32f2xx_hal_cortex.o(i.HAL_SYSTICK_Config) for HAL_SYSTICK_Config
    stm32f2xx_hal.o(i.HAL_InitTick) refers to stm32f2xx_hal_cortex.o(i.HAL_NVIC_SetPriority) for HAL_NVIC_SetPriority
    stm32f2xx_hal.o(i.HAL_InitTick) refers to stm32f2xx_hal.o(.data) for uwTickFreq
    stm32f2xx_hal.o(i.HAL_InitTick) refers to system_stm32f2xx.o(.data) for SystemCoreClock
    stm32f2xx_hal.o(i.HAL_SetTickFreq) refers to stm32f2xx_hal.o(i.HAL_InitTick) for HAL_InitTick
    stm32f2xx_hal.o(i.HAL_SetTickFreq) refers to stm32f2xx_hal.o(.data) for uwTickFreq
    stm32f2xx_hal_cortex.o(i.HAL_NVIC_GetPriorityGrouping) refers to stm32f2xx_hal_cortex.o(i.__NVIC_GetPriorityGrouping) for __NVIC_GetPriorityGrouping
    stm32f2xx_hal_cortex.o(i.HAL_NVIC_SetPriority) refers to stm32f2xx_hal_cortex.o(i.__NVIC_GetPriorityGrouping) for __NVIC_GetPriorityGrouping
    stm32f2xx_hal_cortex.o(i.HAL_NVIC_SetPriority) refers to stm32f2xx_hal_cortex.o(i.__NVIC_SetPriority) for __NVIC_SetPriority
    stm32f2xx_hal_cortex.o(i.HAL_SYSTICK_Config) refers to stm32f2xx_hal_cortex.o(i.__NVIC_SetPriority) for __NVIC_SetPriority
    stm32f2xx_hal_cortex.o(i.HAL_SYSTICK_IRQHandler) refers to stm32f2xx_hal_cortex.o(i.HAL_SYSTICK_Callback) for HAL_SYSTICK_Callback
    stm32f2xx_hal_flash.o(i.FLASH_SetErrorCode) refers to stm32f2xx_hal_flash.o(.bss) for pFlash
    stm32f2xx_hal_flash.o(i.FLASH_WaitForLastOperation) refers to stm32f2xx_hal.o(i.HAL_GetTick) for HAL_GetTick
    stm32f2xx_hal_flash.o(i.FLASH_WaitForLastOperation) refers to stm32f2xx_hal_flash.o(i.FLASH_SetErrorCode) for FLASH_SetErrorCode
    stm32f2xx_hal_flash.o(i.FLASH_WaitForLastOperation) refers to stm32f2xx_hal_flash.o(.bss) for pFlash
    stm32f2xx_hal_flash.o(i.HAL_FLASH_GetError) refers to stm32f2xx_hal_flash.o(.bss) for pFlash
    stm32f2xx_hal_flash.o(i.HAL_FLASH_IRQHandler) refers to stm32f2xx_hal_flash.o(i.FLASH_SetErrorCode) for FLASH_SetErrorCode
    stm32f2xx_hal_flash.o(i.HAL_FLASH_IRQHandler) refers to stm32f2xx_hal_flash.o(i.HAL_FLASH_OperationErrorCallback) for HAL_FLASH_OperationErrorCallback
    stm32f2xx_hal_flash.o(i.HAL_FLASH_IRQHandler) refers to stm32f2xx_hal_flash.o(i.HAL_FLASH_EndOfOperationCallback) for HAL_FLASH_EndOfOperationCallback
    stm32f2xx_hal_flash.o(i.HAL_FLASH_IRQHandler) refers to stm32f2xx_hal_flash_ex.o(i.FLASH_Erase_Sector) for FLASH_Erase_Sector
    stm32f2xx_hal_flash.o(i.HAL_FLASH_IRQHandler) refers to stm32f2xx_hal_flash_ex.o(i.FLASH_FlushCaches) for FLASH_FlushCaches
    stm32f2xx_hal_flash.o(i.HAL_FLASH_IRQHandler) refers to stm32f2xx_hal_flash.o(.bss) for pFlash
    stm32f2xx_hal_flash.o(i.HAL_FLASH_OB_Launch) refers to stm32f2xx_hal_flash.o(i.FLASH_WaitForLastOperation) for FLASH_WaitForLastOperation
    stm32f2xx_hal_flash.o(i.HAL_FLASH_Program) refers to stm32f2xx_hal_flash.o(i.FLASH_WaitForLastOperation) for FLASH_WaitForLastOperation
    stm32f2xx_hal_flash.o(i.HAL_FLASH_Program) refers to stm32f2xx_hal_flash.o(i.FLASH_Program_Byte) for FLASH_Program_Byte
    stm32f2xx_hal_flash.o(i.HAL_FLASH_Program) refers to stm32f2xx_hal_flash.o(i.FLASH_Program_HalfWord) for FLASH_Program_HalfWord
    stm32f2xx_hal_flash.o(i.HAL_FLASH_Program) refers to stm32f2xx_hal_flash.o(i.FLASH_Program_Word) for FLASH_Program_Word
    stm32f2xx_hal_flash.o(i.HAL_FLASH_Program) refers to stm32f2xx_hal_flash.o(i.FLASH_Program_DoubleWord) for FLASH_Program_DoubleWord
    stm32f2xx_hal_flash.o(i.HAL_FLASH_Program) refers to stm32f2xx_hal_flash.o(.bss) for pFlash
    stm32f2xx_hal_flash.o(i.HAL_FLASH_Program_IT) refers to stm32f2xx_hal_flash.o(i.FLASH_Program_Byte) for FLASH_Program_Byte
    stm32f2xx_hal_flash.o(i.HAL_FLASH_Program_IT) refers to stm32f2xx_hal_flash.o(i.FLASH_Program_HalfWord) for FLASH_Program_HalfWord
    stm32f2xx_hal_flash.o(i.HAL_FLASH_Program_IT) refers to stm32f2xx_hal_flash.o(i.FLASH_Program_Word) for FLASH_Program_Word
    stm32f2xx_hal_flash.o(i.HAL_FLASH_Program_IT) refers to stm32f2xx_hal_flash.o(i.FLASH_Program_DoubleWord) for FLASH_Program_DoubleWord
    stm32f2xx_hal_flash.o(i.HAL_FLASH_Program_IT) refers to stm32f2xx_hal_flash.o(.bss) for pFlash
    stm32f2xx_hal_flash_ex.o(i.FLASH_OB_DisableWRP) refers to stm32f2xx_hal_flash.o(i.FLASH_WaitForLastOperation) for FLASH_WaitForLastOperation
    stm32f2xx_hal_flash_ex.o(i.FLASH_OB_EnableWRP) refers to stm32f2xx_hal_flash.o(i.FLASH_WaitForLastOperation) for FLASH_WaitForLastOperation
    stm32f2xx_hal_flash_ex.o(i.FLASH_OB_RDP_LevelConfig) refers to stm32f2xx_hal_flash.o(i.FLASH_WaitForLastOperation) for FLASH_WaitForLastOperation
    stm32f2xx_hal_flash_ex.o(i.FLASH_OB_UserConfig) refers to stm32f2xx_hal_flash.o(i.FLASH_WaitForLastOperation) for FLASH_WaitForLastOperation
    stm32f2xx_hal_flash_ex.o(i.HAL_FLASHEx_Erase) refers to stm32f2xx_hal_flash.o(i.FLASH_WaitForLastOperation) for FLASH_WaitForLastOperation
    stm32f2xx_hal_flash_ex.o(i.HAL_FLASHEx_Erase) refers to stm32f2xx_hal_flash_ex.o(i.FLASH_MassErase) for FLASH_MassErase
    stm32f2xx_hal_flash_ex.o(i.HAL_FLASHEx_Erase) refers to stm32f2xx_hal_flash_ex.o(i.FLASH_Erase_Sector) for FLASH_Erase_Sector
    stm32f2xx_hal_flash_ex.o(i.HAL_FLASHEx_Erase) refers to stm32f2xx_hal_flash_ex.o(i.FLASH_FlushCaches) for FLASH_FlushCaches
    stm32f2xx_hal_flash_ex.o(i.HAL_FLASHEx_Erase) refers to stm32f2xx_hal_flash.o(.bss) for pFlash
    stm32f2xx_hal_flash_ex.o(i.HAL_FLASHEx_Erase_IT) refers to stm32f2xx_hal_flash_ex.o(i.FLASH_MassErase) for FLASH_MassErase
    stm32f2xx_hal_flash_ex.o(i.HAL_FLASHEx_Erase_IT) refers to stm32f2xx_hal_flash_ex.o(i.FLASH_Erase_Sector) for FLASH_Erase_Sector
    stm32f2xx_hal_flash_ex.o(i.HAL_FLASHEx_Erase_IT) refers to stm32f2xx_hal_flash.o(.bss) for pFlash
    stm32f2xx_hal_flash_ex.o(i.HAL_FLASHEx_OBGetConfig) refers to stm32f2xx_hal_flash_ex.o(i.FLASH_OB_GetWRP) for FLASH_OB_GetWRP
    stm32f2xx_hal_flash_ex.o(i.HAL_FLASHEx_OBGetConfig) refers to stm32f2xx_hal_flash_ex.o(i.FLASH_OB_GetRDP) for FLASH_OB_GetRDP
    stm32f2xx_hal_flash_ex.o(i.HAL_FLASHEx_OBGetConfig) refers to stm32f2xx_hal_flash_ex.o(i.FLASH_OB_GetUser) for FLASH_OB_GetUser
    stm32f2xx_hal_flash_ex.o(i.HAL_FLASHEx_OBGetConfig) refers to stm32f2xx_hal_flash_ex.o(i.FLASH_OB_GetBOR) for FLASH_OB_GetBOR
    stm32f2xx_hal_flash_ex.o(i.HAL_FLASHEx_OBProgram) refers to stm32f2xx_hal_flash_ex.o(i.FLASH_OB_EnableWRP) for FLASH_OB_EnableWRP
    stm32f2xx_hal_flash_ex.o(i.HAL_FLASHEx_OBProgram) refers to stm32f2xx_hal_flash_ex.o(i.FLASH_OB_DisableWRP) for FLASH_OB_DisableWRP
    stm32f2xx_hal_flash_ex.o(i.HAL_FLASHEx_OBProgram) refers to stm32f2xx_hal_flash_ex.o(i.FLASH_OB_RDP_LevelConfig) for FLASH_OB_RDP_LevelConfig
    stm32f2xx_hal_flash_ex.o(i.HAL_FLASHEx_OBProgram) refers to stm32f2xx_hal_flash_ex.o(i.FLASH_OB_UserConfig) for FLASH_OB_UserConfig
    stm32f2xx_hal_flash_ex.o(i.HAL_FLASHEx_OBProgram) refers to stm32f2xx_hal_flash_ex.o(i.FLASH_OB_BOR_LevelConfig) for FLASH_OB_BOR_LevelConfig
    stm32f2xx_hal_flash_ex.o(i.HAL_FLASHEx_OBProgram) refers to stm32f2xx_hal_flash.o(.bss) for pFlash
    stm32f2xx_hal_gpio.o(i.HAL_GPIO_EXTI_IRQHandler) refers to stm32f2xx_hal_gpio.o(i.HAL_GPIO_EXTI_Callback) for HAL_GPIO_EXTI_Callback
    stm32f2xx_hal_rcc.o(i.HAL_RCC_ClockConfig) refers to stm32f2xx_hal.o(i.HAL_GetTick) for HAL_GetTick
    stm32f2xx_hal_rcc.o(i.HAL_RCC_ClockConfig) refers to stm32f2xx_hal_rcc.o(i.HAL_RCC_GetSysClockFreq) for HAL_RCC_GetSysClockFreq
    stm32f2xx_hal_rcc.o(i.HAL_RCC_ClockConfig) refers to stm32f2xx_hal.o(i.HAL_InitTick) for HAL_InitTick
    stm32f2xx_hal_rcc.o(i.HAL_RCC_ClockConfig) refers to system_stm32f2xx.o(.constdata) for AHBPrescTable
    stm32f2xx_hal_rcc.o(i.HAL_RCC_ClockConfig) refers to system_stm32f2xx.o(.data) for SystemCoreClock
    stm32f2xx_hal_rcc.o(i.HAL_RCC_ClockConfig) refers to stm32f2xx_hal.o(.data) for uwTickPrio
    stm32f2xx_hal_rcc.o(i.HAL_RCC_DeInit) refers to stm32f2xx_hal.o(i.HAL_GetTick) for HAL_GetTick
    stm32f2xx_hal_rcc.o(i.HAL_RCC_DeInit) refers to stm32f2xx_hal.o(i.HAL_InitTick) for HAL_InitTick
    stm32f2xx_hal_rcc.o(i.HAL_RCC_DeInit) refers to system_stm32f2xx.o(.data) for SystemCoreClock
    stm32f2xx_hal_rcc.o(i.HAL_RCC_DeInit) refers to stm32f2xx_hal.o(.data) for uwTickPrio
    stm32f2xx_hal_rcc.o(i.HAL_RCC_GetHCLKFreq) refers to system_stm32f2xx.o(.data) for SystemCoreClock
    stm32f2xx_hal_rcc.o(i.HAL_RCC_GetPCLK1Freq) refers to stm32f2xx_hal_rcc.o(i.HAL_RCC_GetHCLKFreq) for HAL_RCC_GetHCLKFreq
    stm32f2xx_hal_rcc.o(i.HAL_RCC_GetPCLK1Freq) refers to system_stm32f2xx.o(.constdata) for APBPrescTable
    stm32f2xx_hal_rcc.o(i.HAL_RCC_GetPCLK2Freq) refers to stm32f2xx_hal_rcc.o(i.HAL_RCC_GetHCLKFreq) for HAL_RCC_GetHCLKFreq
    stm32f2xx_hal_rcc.o(i.HAL_RCC_GetPCLK2Freq) refers to system_stm32f2xx.o(.constdata) for APBPrescTable
    stm32f2xx_hal_rcc.o(i.HAL_RCC_GetSysClockFreq) refers to lludivv7m.o(.text) for __aeabi_uldivmod
    stm32f2xx_hal_rcc.o(i.HAL_RCC_MCOConfig) refers to stm32f2xx_hal_gpio.o(i.HAL_GPIO_Init) for HAL_GPIO_Init
    stm32f2xx_hal_rcc.o(i.HAL_RCC_NMI_IRQHandler) refers to stm32f2xx_hal_rcc.o(i.HAL_RCC_CSSCallback) for HAL_RCC_CSSCallback
    stm32f2xx_hal_rcc.o(i.HAL_RCC_OscConfig) refers to stm32f2xx_hal.o(i.HAL_GetTick) for HAL_GetTick
    stm32f2xx_hal_rcc_ex.o(i.HAL_RCCEx_DisablePLLI2S) refers to stm32f2xx_hal.o(i.HAL_GetTick) for HAL_GetTick
    stm32f2xx_hal_rcc_ex.o(i.HAL_RCCEx_EnablePLLI2S) refers to stm32f2xx_hal.o(i.HAL_GetTick) for HAL_GetTick
    stm32f2xx_hal_rcc_ex.o(i.HAL_RCCEx_PeriphCLKConfig) refers to stm32f2xx_hal.o(i.HAL_GetTick) for HAL_GetTick
    stm32f2xx_hal_rtc.o(i.HAL_RTC_AlarmIRQHandler) refers to stm32f2xx_hal_rtc.o(i.HAL_RTC_AlarmAEventCallback) for HAL_RTC_AlarmAEventCallback
    stm32f2xx_hal_rtc.o(i.HAL_RTC_AlarmIRQHandler) refers to stm32f2xx_hal_rtc_ex.o(i.HAL_RTCEx_AlarmBEventCallback) for HAL_RTCEx_AlarmBEventCallback
    stm32f2xx_hal_rtc.o(i.HAL_RTC_DeInit) refers to stm32f2xx_hal_rtc.o(i.RTC_EnterInitMode) for RTC_EnterInitMode
    stm32f2xx_hal_rtc.o(i.HAL_RTC_DeInit) refers to stm32f2xx_hal.o(i.HAL_GetTick) for HAL_GetTick
    stm32f2xx_hal_rtc.o(i.HAL_RTC_DeInit) refers to stm32f2xx_hal_rtc.o(i.HAL_RTC_WaitForSynchro) for HAL_RTC_WaitForSynchro
    stm32f2xx_hal_rtc.o(i.HAL_RTC_DeInit) refers to stm32f2xx_hal_rtc.o(i.HAL_RTC_MspDeInit) for HAL_RTC_MspDeInit
    stm32f2xx_hal_rtc.o(i.HAL_RTC_DeactivateAlarm) refers to stm32f2xx_hal.o(i.HAL_GetTick) for HAL_GetTick
    stm32f2xx_hal_rtc.o(i.HAL_RTC_GetAlarm) refers to stm32f2xx_hal_rtc.o(i.RTC_Bcd2ToByte) for RTC_Bcd2ToByte
    stm32f2xx_hal_rtc.o(i.HAL_RTC_GetDate) refers to stm32f2xx_hal_rtc.o(i.RTC_Bcd2ToByte) for RTC_Bcd2ToByte
    stm32f2xx_hal_rtc.o(i.HAL_RTC_GetTime) refers to stm32f2xx_hal_rtc.o(i.RTC_Bcd2ToByte) for RTC_Bcd2ToByte
    stm32f2xx_hal_rtc.o(i.HAL_RTC_Init) refers to stm32f2xx_hal_rtc.o(i.HAL_RTC_MspInit) for HAL_RTC_MspInit
    stm32f2xx_hal_rtc.o(i.HAL_RTC_Init) refers to stm32f2xx_hal_rtc.o(i.RTC_EnterInitMode) for RTC_EnterInitMode
    stm32f2xx_hal_rtc.o(i.HAL_RTC_Init) refers to stm32f2xx_hal_rtc.o(i.HAL_RTC_WaitForSynchro) for HAL_RTC_WaitForSynchro
    stm32f2xx_hal_rtc.o(i.HAL_RTC_PollForAlarmAEvent) refers to stm32f2xx_hal.o(i.HAL_GetTick) for HAL_GetTick
    stm32f2xx_hal_rtc.o(i.HAL_RTC_SetAlarm) refers to stm32f2xx_hal_rtc.o(i.RTC_ByteToBcd2) for RTC_ByteToBcd2
    stm32f2xx_hal_rtc.o(i.HAL_RTC_SetAlarm) refers to stm32f2xx_hal.o(i.HAL_GetTick) for HAL_GetTick
    stm32f2xx_hal_rtc.o(i.HAL_RTC_SetAlarm_IT) refers to stm32f2xx_hal_rtc.o(i.RTC_ByteToBcd2) for RTC_ByteToBcd2
    stm32f2xx_hal_rtc.o(i.HAL_RTC_SetAlarm_IT) refers to system_stm32f2xx.o(.data) for SystemCoreClock
    stm32f2xx_hal_rtc.o(i.HAL_RTC_SetDate) refers to stm32f2xx_hal_rtc.o(i.RTC_ByteToBcd2) for RTC_ByteToBcd2
    stm32f2xx_hal_rtc.o(i.HAL_RTC_SetDate) refers to stm32f2xx_hal_rtc.o(i.RTC_EnterInitMode) for RTC_EnterInitMode
    stm32f2xx_hal_rtc.o(i.HAL_RTC_SetDate) refers to stm32f2xx_hal_rtc.o(i.HAL_RTC_WaitForSynchro) for HAL_RTC_WaitForSynchro
    stm32f2xx_hal_rtc.o(i.HAL_RTC_SetTime) refers to stm32f2xx_hal_rtc.o(i.RTC_ByteToBcd2) for RTC_ByteToBcd2
    stm32f2xx_hal_rtc.o(i.HAL_RTC_SetTime) refers to stm32f2xx_hal_rtc.o(i.RTC_EnterInitMode) for RTC_EnterInitMode
    stm32f2xx_hal_rtc.o(i.HAL_RTC_SetTime) refers to stm32f2xx_hal_rtc.o(i.HAL_RTC_WaitForSynchro) for HAL_RTC_WaitForSynchro
    stm32f2xx_hal_rtc.o(i.HAL_RTC_WaitForSynchro) refers to stm32f2xx_hal.o(i.HAL_GetTick) for HAL_GetTick
    stm32f2xx_hal_rtc.o(i.RTC_EnterInitMode) refers to stm32f2xx_hal.o(i.HAL_GetTick) for HAL_GetTick
    stm32f2xx_hal_rtc_ex.o(i.HAL_RTCEx_DeactivateCoarseCalib) refers to stm32f2xx_hal_rtc.o(i.RTC_EnterInitMode) for RTC_EnterInitMode
    stm32f2xx_hal_rtc_ex.o(i.HAL_RTCEx_DeactivateRefClock) refers to stm32f2xx_hal_rtc.o(i.RTC_EnterInitMode) for RTC_EnterInitMode
    stm32f2xx_hal_rtc_ex.o(i.HAL_RTCEx_DeactivateWakeUpTimer) refers to stm32f2xx_hal.o(i.HAL_GetTick) for HAL_GetTick
    stm32f2xx_hal_rtc_ex.o(i.HAL_RTCEx_GetTimeStamp) refers to stm32f2xx_hal_rtc.o(i.RTC_Bcd2ToByte) for RTC_Bcd2ToByte
    stm32f2xx_hal_rtc_ex.o(i.HAL_RTCEx_PollForAlarmBEvent) refers to stm32f2xx_hal.o(i.HAL_GetTick) for HAL_GetTick
    stm32f2xx_hal_rtc_ex.o(i.HAL_RTCEx_PollForTamper1Event) refers to stm32f2xx_hal.o(i.HAL_GetTick) for HAL_GetTick
    stm32f2xx_hal_rtc_ex.o(i.HAL_RTCEx_PollForTimeStampEvent) refers to stm32f2xx_hal.o(i.HAL_GetTick) for HAL_GetTick
    stm32f2xx_hal_rtc_ex.o(i.HAL_RTCEx_PollForWakeUpTimerEvent) refers to stm32f2xx_hal.o(i.HAL_GetTick) for HAL_GetTick
    stm32f2xx_hal_rtc_ex.o(i.HAL_RTCEx_SetCoarseCalib) refers to stm32f2xx_hal_rtc.o(i.RTC_EnterInitMode) for RTC_EnterInitMode
    stm32f2xx_hal_rtc_ex.o(i.HAL_RTCEx_SetRefClock) refers to stm32f2xx_hal_rtc.o(i.RTC_EnterInitMode) for RTC_EnterInitMode
    stm32f2xx_hal_rtc_ex.o(i.HAL_RTCEx_SetWakeUpTimer) refers to stm32f2xx_hal.o(i.HAL_GetTick) for HAL_GetTick
    stm32f2xx_hal_rtc_ex.o(i.HAL_RTCEx_SetWakeUpTimer_IT) refers to system_stm32f2xx.o(.data) for SystemCoreClock
    stm32f2xx_hal_rtc_ex.o(i.HAL_RTCEx_TamperTimeStampIRQHandler) refers to stm32f2xx_hal_rtc_ex.o(i.HAL_RTCEx_TimeStampEventCallback) for HAL_RTCEx_TimeStampEventCallback
    stm32f2xx_hal_rtc_ex.o(i.HAL_RTCEx_TamperTimeStampIRQHandler) refers to stm32f2xx_hal_rtc_ex.o(i.HAL_RTCEx_Tamper1EventCallback) for HAL_RTCEx_Tamper1EventCallback
    stm32f2xx_hal_rtc_ex.o(i.HAL_RTCEx_WakeUpTimerIRQHandler) refers to stm32f2xx_hal_rtc_ex.o(i.HAL_RTCEx_WakeUpTimerEventCallback) for HAL_RTCEx_WakeUpTimerEventCallback
    startup_stm32f207xx.o(STACK) refers (Special) to heapauxi.o(.text) for __use_two_region_memory
    startup_stm32f207xx.o(HEAP) refers (Special) to heapauxi.o(.text) for __use_two_region_memory
    startup_stm32f207xx.o(RESET) refers (Special) to heapauxi.o(.text) for __use_two_region_memory
    startup_stm32f207xx.o(RESET) refers to startup_stm32f207xx.o(STACK) for __initial_sp
    startup_stm32f207xx.o(RESET) refers to startup_stm32f207xx.o(.text) for Reset_Handler
    startup_stm32f207xx.o(RESET) refers to lab3.o(i.EXTI0_IRQHandler) for EXTI0_IRQHandler
    startup_stm32f207xx.o(RESET) refers to lab3.o(i.EXTI15_10_IRQHandler) for EXTI15_10_IRQHandler
    startup_stm32f207xx.o(.text) refers (Special) to heapauxi.o(.text) for __use_two_region_memory
    startup_stm32f207xx.o(.text) refers to system_stm32f2xx.o(i.SystemInit) for SystemInit
    startup_stm32f207xx.o(.text) refers to __main.o(!!!main) for __main
    startup_stm32f207xx.o(.text) refers to startup_stm32f207xx.o(HEAP) for Heap_Mem
    startup_stm32f207xx.o(.text) refers to startup_stm32f207xx.o(STACK) for Stack_Mem
    system_stm32f2xx.o(i.SystemCoreClockUpdate) refers to system_stm32f2xx.o(.data) for SystemCoreClock
    system_stm32f2xx.o(i.SystemCoreClockUpdate) refers to system_stm32f2xx.o(.constdata) for AHBPrescTable
    __main.o(!!!main) refers to __rtentry.o(.ARM.Collect$$rtentry$$00000000) for __rt_entry
    __rtentry.o(.ARM.Collect$$rtentry$$00000000) refers (Special) to __rtentry2.o(.ARM.Collect$$rtentry$$0000000A) for __rt_entry_li
    __rtentry.o(.ARM.Collect$$rtentry$$00000000) refers (Special) to __rtentry2.o(.ARM.Collect$$rtentry$$0000000D) for __rt_entry_main
    __rtentry.o(.ARM.Collect$$rtentry$$00000000) refers (Special) to __rtentry2.o(.ARM.Collect$$rtentry$$0000000C) for __rt_entry_postli_1
    __rtentry.o(.ARM.Collect$$rtentry$$00000000) refers (Special) to __rtentry2.o(.ARM.Collect$$rtentry$$00000009) for __rt_entry_postsh_1
    __rtentry.o(.ARM.Collect$$rtentry$$00000000) refers (Special) to __rtentry2.o(.ARM.Collect$$rtentry$$00000002) for __rt_entry_presh_1
    __rtentry.o(.ARM.Collect$$rtentry$$00000000) refers (Special) to __rtentry4.o(.ARM.Collect$$rtentry$$00000004) for __rt_entry_sh
    aeabi_ldiv0_sigfpe.o(.text) refers to rt_div0.o(.text) for __rt_div0
    __rtentry2.o(.ARM.Collect$$rtentry$$00000008) refers to boardinit2.o(.text) for _platform_post_stackheap_init
    __rtentry2.o(.ARM.Collect$$rtentry$$0000000A) refers to libinit.o(.ARM.Collect$$libinit$$00000000) for __rt_lib_init
    __rtentry2.o(.ARM.Collect$$rtentry$$0000000B) refers to boardinit3.o(.text) for _platform_post_lib_init
    __rtentry2.o(.ARM.Collect$$rtentry$$0000000D) refers to lab3.o(i.main) for main
    __rtentry2.o(.ARM.Collect$$rtentry$$0000000D) refers to exit.o(.text) for exit
    __rtentry2.o(.ARM.exidx) refers to __rtentry2.o(.ARM.Collect$$rtentry$$00000001) for .ARM.Collect$$rtentry$$00000001
    __rtentry2.o(.ARM.exidx) refers to __rtentry2.o(.ARM.Collect$$rtentry$$00000008) for .ARM.Collect$$rtentry$$00000008
    __rtentry2.o(.ARM.exidx) refers to __rtentry2.o(.ARM.Collect$$rtentry$$0000000A) for .ARM.Collect$$rtentry$$0000000A
    __rtentry2.o(.ARM.exidx) refers to __rtentry2.o(.ARM.Collect$$rtentry$$0000000B) for .ARM.Collect$$rtentry$$0000000B
    __rtentry2.o(.ARM.exidx) refers to __rtentry2.o(.ARM.Collect$$rtentry$$0000000D) for .ARM.Collect$$rtentry$$0000000D
    __rtentry4.o(.ARM.Collect$$rtentry$$00000004) refers to sys_stackheap_outer.o(.text) for __user_setup_stackheap
    __rtentry4.o(.ARM.exidx) refers to __rtentry4.o(.ARM.Collect$$rtentry$$00000004) for .ARM.Collect$$rtentry$$00000004
    rt_div0.o(.text) refers to defsig_fpe_outer.o(.text) for __rt_SIGFPE
    sys_stackheap_outer.o(.text) refers to libspace.o(.text) for __user_perproc_libspace
    sys_stackheap_outer.o(.text) refers to startup_stm32f207xx.o(.text) for __user_initial_stackheap
    exit.o(.text) refers to rtexit.o(.ARM.Collect$$rtexit$$00000000) for __rt_exit
    defsig_fpe_outer.o(.text) refers to defsig_fpe_inner.o(.text) for __rt_SIGFPE_inner
    defsig_fpe_outer.o(.text) refers to defsig_exit.o(.text) for __sig_exit
    defsig_fpe_formal.o(.text) refers to rt_raise.o(.text) for __rt_raise
    libinit.o(.ARM.Collect$$libinit$$00000000) refers (Special) to libinit2.o(.ARM.Collect$$libinit$$0000002E) for __rt_lib_init_alloca_1
    libinit.o(.ARM.Collect$$libinit$$00000000) refers (Special) to libinit2.o(.ARM.Collect$$libinit$$0000002C) for __rt_lib_init_argv_1
    libinit.o(.ARM.Collect$$libinit$$00000000) refers (Special) to libinit2.o(.ARM.Collect$$libinit$$0000001B) for __rt_lib_init_atexit_1
    libinit.o(.ARM.Collect$$libinit$$00000000) refers (Special) to libinit2.o(.ARM.Collect$$libinit$$00000021) for __rt_lib_init_clock_1
    libinit.o(.ARM.Collect$$libinit$$00000000) refers (Special) to libinit2.o(.ARM.Collect$$libinit$$00000032) for __rt_lib_init_cpp_1
    libinit.o(.ARM.Collect$$libinit$$00000000) refers (Special) to libinit2.o(.ARM.Collect$$libinit$$00000030) for __rt_lib_init_exceptions_1
    libinit.o(.ARM.Collect$$libinit$$00000000) refers (Special) to libinit2.o(.ARM.Collect$$libinit$$00000002) for __rt_lib_init_fp_1
    libinit.o(.ARM.Collect$$libinit$$00000000) refers (Special) to libinit2.o(.ARM.Collect$$libinit$$0000001F) for __rt_lib_init_fp_trap_1
    libinit.o(.ARM.Collect$$libinit$$00000000) refers (Special) to libinit2.o(.ARM.Collect$$libinit$$00000023) for __rt_lib_init_getenv_1
    libinit.o(.ARM.Collect$$libinit$$00000000) refers (Special) to libinit2.o(.ARM.Collect$$libinit$$0000000A) for __rt_lib_init_heap_1
    libinit.o(.ARM.Collect$$libinit$$00000000) refers (Special) to libinit2.o(.ARM.Collect$$libinit$$00000011) for __rt_lib_init_lc_collate_1
    libinit.o(.ARM.Collect$$libinit$$00000000) refers (Special) to libinit2.o(.ARM.Collect$$libinit$$00000013) for __rt_lib_init_lc_ctype_1
    libinit.o(.ARM.Collect$$libinit$$00000000) refers (Special) to libinit2.o(.ARM.Collect$$libinit$$00000015) for __rt_lib_init_lc_monetary_1
    libinit.o(.ARM.Collect$$libinit$$00000000) refers (Special) to libinit2.o(.ARM.Collect$$libinit$$00000017) for __rt_lib_init_lc_numeric_1
    libinit.o(.ARM.Collect$$libinit$$00000000) refers (Special) to libinit2.o(.ARM.Collect$$libinit$$00000019) for __rt_lib_init_lc_time_1
    libinit.o(.ARM.Collect$$libinit$$00000000) refers (Special) to libinit2.o(.ARM.Collect$$libinit$$00000004) for __rt_lib_init_preinit_1
    libinit.o(.ARM.Collect$$libinit$$00000000) refers (Special) to libinit2.o(.ARM.Collect$$libinit$$0000000E) for __rt_lib_init_rand_1
    libinit.o(.ARM.Collect$$libinit$$00000000) refers (Special) to libinit2.o(.ARM.Collect$$libinit$$00000033) for __rt_lib_init_return
    libinit.o(.ARM.Collect$$libinit$$00000000) refers (Special) to libinit2.o(.ARM.Collect$$libinit$$0000001D) for __rt_lib_init_signal_1
    libinit.o(.ARM.Collect$$libinit$$00000000) refers (Special) to libinit2.o(.ARM.Collect$$libinit$$00000025) for __rt_lib_init_stdio_1
    libinit.o(.ARM.Collect$$libinit$$00000000) refers (Special) to libinit2.o(.ARM.Collect$$libinit$$0000000C) for __rt_lib_init_user_alloc_1
    libspace.o(.text) refers to libspace.o(.bss) for __libspace_start
    rtexit.o(.ARM.Collect$$rtexit$$00000000) refers (Special) to rtexit2.o(.ARM.Collect$$rtexit$$00000004) for __rt_exit_exit
    rtexit.o(.ARM.Collect$$rtexit$$00000000) refers (Special) to rtexit2.o(.ARM.Collect$$rtexit$$00000003) for __rt_exit_ls
    rtexit.o(.ARM.Collect$$rtexit$$00000000) refers (Special) to rtexit2.o(.ARM.Collect$$rtexit$$00000002) for __rt_exit_prels_1
    rtexit.o(.ARM.exidx) refers (Special) to rtexit2.o(.ARM.Collect$$rtexit$$00000004) for __rt_exit_exit
    rtexit.o(.ARM.exidx) refers (Special) to rtexit2.o(.ARM.Collect$$rtexit$$00000003) for __rt_exit_ls
    rtexit.o(.ARM.exidx) refers (Special) to rtexit2.o(.ARM.Collect$$rtexit$$00000002) for __rt_exit_prels_1
    rtexit.o(.ARM.exidx) refers to rtexit.o(.ARM.Collect$$rtexit$$00000000) for .ARM.Collect$$rtexit$$00000000
    rt_raise.o(.text) refers to __raise.o(.text) for __raise
    rt_raise.o(.text) refers to sys_exit.o(.text) for _sys_exit
    defsig_exit.o(.text) refers to sys_exit.o(.text) for _sys_exit
    defsig_fpe_inner.o(.text) refers to defsig_general.o(.text) for __default_signal_display
    libinit2.o(.ARM.Collect$$libinit$$00000010) refers to libinit2.o(.ARM.Collect$$libinit$$0000000F) for .ARM.Collect$$libinit$$0000000F
    libinit2.o(.ARM.Collect$$libinit$$00000012) refers to libinit2.o(.ARM.Collect$$libinit$$0000000F) for .ARM.Collect$$libinit$$0000000F
    libinit2.o(.ARM.Collect$$libinit$$00000014) refers to libinit2.o(.ARM.Collect$$libinit$$0000000F) for .ARM.Collect$$libinit$$0000000F
    libinit2.o(.ARM.Collect$$libinit$$00000016) refers to libinit2.o(.ARM.Collect$$libinit$$0000000F) for .ARM.Collect$$libinit$$0000000F
    libinit2.o(.ARM.Collect$$libinit$$00000018) refers to libinit2.o(.ARM.Collect$$libinit$$0000000F) for .ARM.Collect$$libinit$$0000000F
    libinit2.o(.ARM.Collect$$libinit$$00000026) refers to argv_veneer.o(.emb_text) for __ARM_argv_veneer
    libinit2.o(.ARM.Collect$$libinit$$00000027) refers to argv_veneer.o(.emb_text) for __ARM_argv_veneer
    sys_exit.o(.text) refers (Special) to use_no_semi.o(.text) for __I$use$semihosting
    sys_exit.o(.text) refers (Special) to indicate_semi.o(.text) for __semihosting_library_function
    rtexit2.o(.ARM.Collect$$rtexit$$00000003) refers to libshutdown.o(.ARM.Collect$$libshutdown$$00000000) for __rt_lib_shutdown
    rtexit2.o(.ARM.Collect$$rtexit$$00000004) refers to sys_exit.o(.text) for _sys_exit
    rtexit2.o(.ARM.exidx) refers to rtexit2.o(.ARM.Collect$$rtexit$$00000001) for .ARM.Collect$$rtexit$$00000001
    rtexit2.o(.ARM.exidx) refers to rtexit2.o(.ARM.Collect$$rtexit$$00000003) for .ARM.Collect$$rtexit$$00000003
    rtexit2.o(.ARM.exidx) refers to rtexit2.o(.ARM.Collect$$rtexit$$00000004) for .ARM.Collect$$rtexit$$00000004
    __raise.o(.text) refers to defsig.o(CL$$defsig) for __default_signal_handler
    defsig_general.o(.text) refers to sys_wrch.o(.text) for _ttywrch
    argv_veneer.o(.emb_text) refers to no_argv.o(.text) for __ARM_get_argv
    sys_wrch.o(.text) refers (Special) to use_no_semi.o(.text) for __I$use$semihosting
    sys_wrch.o(.text) refers (Special) to indicate_semi.o(.text) for __semihosting_library_function
    defsig.o(CL$$defsig) refers to defsig_fpe_inner.o(.text) for __rt_SIGFPE_inner
    defsig.o(CL$$defsig) refers to defsig_rtmem_inner.o(.text) for __rt_SIGRTMEM_inner
    _get_argv_nomalloc.o(.text) refers (Special) to hrguard.o(.text) for __heap_region$guard
    _get_argv_nomalloc.o(.text) refers to defsig_rtmem_outer.o(.text) for __rt_SIGRTMEM
    _get_argv_nomalloc.o(.text) refers to sys_command.o(.text) for _sys_command_string
    libshutdown.o(.ARM.Collect$$libshutdown$$00000000) refers (Special) to libshutdown2.o(.ARM.Collect$$libshutdown$$00000006) for __rt_lib_shutdown_fp_trap_1
    libshutdown.o(.ARM.Collect$$libshutdown$$00000000) refers (Special) to libshutdown2.o(.ARM.Collect$$libshutdown$$0000000E) for __rt_lib_shutdown_heap_1
    libshutdown.o(.ARM.Collect$$libshutdown$$00000000) refers (Special) to libshutdown2.o(.ARM.Collect$$libshutdown$$0000000F) for __rt_lib_shutdown_return
    libshutdown.o(.ARM.Collect$$libshutdown$$00000000) refers (Special) to libshutdown2.o(.ARM.Collect$$libshutdown$$00000009) for __rt_lib_shutdown_signal_1
    libshutdown.o(.ARM.Collect$$libshutdown$$00000000) refers (Special) to libshutdown2.o(.ARM.Collect$$libshutdown$$00000003) for __rt_lib_shutdown_stdio_1
    libshutdown.o(.ARM.Collect$$libshutdown$$00000000) refers (Special) to libshutdown2.o(.ARM.Collect$$libshutdown$$0000000B) for __rt_lib_shutdown_user_alloc_1
    sys_command.o(.text) refers (Special) to use_no_semi.o(.text) for __I$use$semihosting
    sys_command.o(.text) refers (Special) to indicate_semi.o(.text) for __semihosting_library_function
    defsig_abrt_inner.o(.text) refers to defsig_general.o(.text) for __default_signal_display
    defsig_rtred_inner.o(.text) refers to defsig_general.o(.text) for __default_signal_display
    defsig_rtmem_inner.o(.text) refers to defsig_general.o(.text) for __default_signal_display
    defsig_rtmem_outer.o(.text) refers to defsig_rtmem_inner.o(.text) for __rt_SIGRTMEM_inner
    defsig_rtmem_outer.o(.text) refers to defsig_exit.o(.text) for __sig_exit
    defsig_rtmem_formal.o(.text) refers to rt_raise.o(.text) for __rt_raise
    defsig_stak_inner.o(.text) refers to defsig_general.o(.text) for __default_signal_display
    defsig_pvfn_inner.o(.text) refers to defsig_general.o(.text) for __default_signal_display
    defsig_cppl_inner.o(.text) refers to defsig_general.o(.text) for __default_signal_display
    defsig_segv_inner.o(.text) refers to defsig_general.o(.text) for __default_signal_display
    defsig_other.o(.text) refers to defsig_general.o(.text) for __default_signal_display


==============================================================================

Removing Unused input sections from the image.

    Removing lab3.o(.rev16_text), (4 bytes).
    Removing lab3.o(.revsh_text), (4 bytes).
    Removing lab3.o(.rrx_text), (6 bytes).
    Removing stm32f2xx_hal.o(.rev16_text), (4 bytes).
    Removing stm32f2xx_hal.o(.revsh_text), (4 bytes).
    Removing stm32f2xx_hal.o(.rrx_text), (6 bytes).
    Removing stm32f2xx_hal.o(i.HAL_DBGMCU_DisableDBGSleepMode), (20 bytes).
    Removing stm32f2xx_hal.o(i.HAL_DBGMCU_DisableDBGStandbyMode), (20 bytes).
    Removing stm32f2xx_hal.o(i.HAL_DBGMCU_DisableDBGStopMode), (20 bytes).
    Removing stm32f2xx_hal.o(i.HAL_DBGMCU_EnableDBGSleepMode), (20 bytes).
    Removing stm32f2xx_hal.o(i.HAL_DBGMCU_EnableDBGStandbyMode), (20 bytes).
    Removing stm32f2xx_hal.o(i.HAL_DBGMCU_EnableDBGStopMode), (20 bytes).
    Removing stm32f2xx_hal.o(i.HAL_DeInit), (68 bytes).
    Removing stm32f2xx_hal.o(i.HAL_Delay), (40 bytes).
    Removing stm32f2xx_hal.o(i.HAL_DisableCompensationCell), (28 bytes).
    Removing stm32f2xx_hal.o(i.HAL_EnableCompensationCell), (28 bytes).
    Removing stm32f2xx_hal.o(i.HAL_GetDEVID), (16 bytes).
    Removing stm32f2xx_hal.o(i.HAL_GetHalVersion), (8 bytes).
    Removing stm32f2xx_hal.o(i.HAL_GetREVID), (12 bytes).
    Removing stm32f2xx_hal.o(i.HAL_GetTick), (12 bytes).
    Removing stm32f2xx_hal.o(i.HAL_GetTickFreq), (12 bytes).
    Removing stm32f2xx_hal.o(i.HAL_GetTickPrio), (12 bytes).
    Removing stm32f2xx_hal.o(i.HAL_GetUIDw0), (12 bytes).
    Removing stm32f2xx_hal.o(i.HAL_GetUIDw1), (12 bytes).
    Removing stm32f2xx_hal.o(i.HAL_GetUIDw2), (12 bytes).
    Removing stm32f2xx_hal.o(i.HAL_IncTick), (24 bytes).
    Removing stm32f2xx_hal.o(i.HAL_Init), (60 bytes).
    Removing stm32f2xx_hal.o(i.HAL_InitTick), (76 bytes).
    Removing stm32f2xx_hal.o(i.HAL_MspDeInit), (2 bytes).
    Removing stm32f2xx_hal.o(i.HAL_MspInit), (2 bytes).
    Removing stm32f2xx_hal.o(i.HAL_ResumeTick), (18 bytes).
    Removing stm32f2xx_hal.o(i.HAL_SetTickFreq), (48 bytes).
    Removing stm32f2xx_hal.o(i.HAL_SuspendTick), (18 bytes).
    Removing stm32f2xx_hal.o(.data), (9 bytes).
    Removing stm32f2xx_hal_cortex.o(.rev16_text), (4 bytes).
    Removing stm32f2xx_hal_cortex.o(.revsh_text), (4 bytes).
    Removing stm32f2xx_hal_cortex.o(.rrx_text), (6 bytes).
    Removing stm32f2xx_hal_cortex.o(i.HAL_MPU_ConfigRegion), (92 bytes).
    Removing stm32f2xx_hal_cortex.o(i.HAL_MPU_Disable), (32 bytes).
    Removing stm32f2xx_hal_cortex.o(i.HAL_MPU_Enable), (40 bytes).
    Removing stm32f2xx_hal_cortex.o(i.HAL_NVIC_ClearPendingIRQ), (36 bytes).
    Removing stm32f2xx_hal_cortex.o(i.HAL_NVIC_DisableIRQ), (44 bytes).
    Removing stm32f2xx_hal_cortex.o(i.HAL_NVIC_EnableIRQ), (40 bytes).
    Removing stm32f2xx_hal_cortex.o(i.HAL_NVIC_GetActive), (48 bytes).
    Removing stm32f2xx_hal_cortex.o(i.HAL_NVIC_GetPendingIRQ), (48 bytes).
    Removing stm32f2xx_hal_cortex.o(i.HAL_NVIC_GetPriority), (148 bytes).
    Removing stm32f2xx_hal_cortex.o(i.HAL_NVIC_GetPriorityGrouping), (8 bytes).
    Removing stm32f2xx_hal_cortex.o(i.HAL_NVIC_SetPendingIRQ), (36 bytes).
    Removing stm32f2xx_hal_cortex.o(i.HAL_NVIC_SetPriority), (124 bytes).
    Removing stm32f2xx_hal_cortex.o(i.HAL_NVIC_SetPriorityGrouping), (40 bytes).
    Removing stm32f2xx_hal_cortex.o(i.HAL_NVIC_SystemReset), (44 bytes).
    Removing stm32f2xx_hal_cortex.o(i.HAL_SYSTICK_CLKSourceConfig), (40 bytes).
    Removing stm32f2xx_hal_cortex.o(i.HAL_SYSTICK_Callback), (2 bytes).
    Removing stm32f2xx_hal_cortex.o(i.HAL_SYSTICK_Config), (52 bytes).
    Removing stm32f2xx_hal_cortex.o(i.HAL_SYSTICK_IRQHandler), (8 bytes).
    Removing stm32f2xx_hal_cortex.o(i.__NVIC_GetPriorityGrouping), (16 bytes).
    Removing stm32f2xx_hal_cortex.o(i.__NVIC_SetPriority), (40 bytes).
    Removing stm32f2xx_hal_exti.o(.rev16_text), (4 bytes).
    Removing stm32f2xx_hal_exti.o(.revsh_text), (4 bytes).
    Removing stm32f2xx_hal_exti.o(.rrx_text), (6 bytes).
    Removing stm32f2xx_hal_exti.o(i.HAL_EXTI_ClearConfigLine), (120 bytes).
    Removing stm32f2xx_hal_exti.o(i.HAL_EXTI_ClearPending), (28 bytes).
    Removing stm32f2xx_hal_exti.o(i.HAL_EXTI_GenerateSWI), (24 bytes).
    Removing stm32f2xx_hal_exti.o(i.HAL_EXTI_GetConfigLine), (160 bytes).
    Removing stm32f2xx_hal_exti.o(i.HAL_EXTI_GetHandle), (14 bytes).
    Removing stm32f2xx_hal_exti.o(i.HAL_EXTI_GetPending), (36 bytes).
    Removing stm32f2xx_hal_exti.o(i.HAL_EXTI_IRQHandler), (44 bytes).
    Removing stm32f2xx_hal_exti.o(i.HAL_EXTI_RegisterCallback), (20 bytes).
    Removing stm32f2xx_hal_exti.o(i.HAL_EXTI_SetConfigLine), (240 bytes).
    Removing stm32f2xx_hal_flash.o(.rev16_text), (4 bytes).
    Removing stm32f2xx_hal_flash.o(.revsh_text), (4 bytes).
    Removing stm32f2xx_hal_flash.o(.rrx_text), (6 bytes).
    Removing stm32f2xx_hal_flash.o(i.FLASH_Program_Byte), (36 bytes).
    Removing stm32f2xx_hal_flash.o(i.FLASH_Program_DoubleWord), (48 bytes).
    Removing stm32f2xx_hal_flash.o(i.FLASH_Program_HalfWord), (40 bytes).
    Removing stm32f2xx_hal_flash.o(i.FLASH_Program_Word), (40 bytes).
    Removing stm32f2xx_hal_flash.o(i.FLASH_SetErrorCode), (152 bytes).
    Removing stm32f2xx_hal_flash.o(i.FLASH_WaitForLastOperation), (100 bytes).
    Removing stm32f2xx_hal_flash.o(i.HAL_FLASH_EndOfOperationCallback), (2 bytes).
    Removing stm32f2xx_hal_flash.o(i.HAL_FLASH_GetError), (12 bytes).
    Removing stm32f2xx_hal_flash.o(i.HAL_FLASH_IRQHandler), (272 bytes).
    Removing stm32f2xx_hal_flash.o(i.HAL_FLASH_Lock), (20 bytes).
    Removing stm32f2xx_hal_flash.o(i.HAL_FLASH_OB_Launch), (28 bytes).
    Removing stm32f2xx_hal_flash.o(i.HAL_FLASH_OB_Lock), (20 bytes).
    Removing stm32f2xx_hal_flash.o(i.HAL_FLASH_OB_Unlock), (44 bytes).
    Removing stm32f2xx_hal_flash.o(i.HAL_FLASH_OperationErrorCallback), (2 bytes).
    Removing stm32f2xx_hal_flash.o(i.HAL_FLASH_Program), (152 bytes).
    Removing stm32f2xx_hal_flash.o(i.HAL_FLASH_Program_IT), (136 bytes).
    Removing stm32f2xx_hal_flash.o(i.HAL_FLASH_Unlock), (52 bytes).
    Removing stm32f2xx_hal_flash.o(.bss), (32 bytes).
    Removing stm32f2xx_hal_flash_ex.o(.rev16_text), (4 bytes).
    Removing stm32f2xx_hal_flash_ex.o(.revsh_text), (4 bytes).
    Removing stm32f2xx_hal_flash_ex.o(.rrx_text), (6 bytes).
    Removing stm32f2xx_hal_flash_ex.o(i.FLASH_Erase_Sector), (104 bytes).
    Removing stm32f2xx_hal_flash_ex.o(i.FLASH_FlushCaches), (120 bytes).
    Removing stm32f2xx_hal_flash_ex.o(i.FLASH_MassErase), (48 bytes).
    Removing stm32f2xx_hal_flash_ex.o(i.FLASH_OB_BOR_LevelConfig), (32 bytes).
    Removing stm32f2xx_hal_flash_ex.o(i.FLASH_OB_DisableWRP), (40 bytes).
    Removing stm32f2xx_hal_flash_ex.o(i.FLASH_OB_EnableWRP), (40 bytes).
    Removing stm32f2xx_hal_flash_ex.o(i.FLASH_OB_GetBOR), (16 bytes).
    Removing stm32f2xx_hal_flash_ex.o(i.FLASH_OB_GetRDP), (36 bytes).
    Removing stm32f2xx_hal_flash_ex.o(i.FLASH_OB_GetUser), (16 bytes).
    Removing stm32f2xx_hal_flash_ex.o(i.FLASH_OB_GetWRP), (12 bytes).
    Removing stm32f2xx_hal_flash_ex.o(i.FLASH_OB_RDP_LevelConfig), (32 bytes).
    Removing stm32f2xx_hal_flash_ex.o(i.FLASH_OB_UserConfig), (60 bytes).
    Removing stm32f2xx_hal_flash_ex.o(i.HAL_FLASHEx_Erase), (172 bytes).
    Removing stm32f2xx_hal_flash_ex.o(i.HAL_FLASHEx_Erase_IT), (120 bytes).
    Removing stm32f2xx_hal_flash_ex.o(i.HAL_FLASHEx_OBGetConfig), (34 bytes).
    Removing stm32f2xx_hal_flash_ex.o(i.HAL_FLASHEx_OBProgram), (148 bytes).
    Removing stm32f2xx_hal_gpio.o(.rev16_text), (4 bytes).
    Removing stm32f2xx_hal_gpio.o(.revsh_text), (4 bytes).
    Removing stm32f2xx_hal_gpio.o(.rrx_text), (6 bytes).
    Removing stm32f2xx_hal_gpio.o(i.HAL_GPIO_DeInit), (348 bytes).
    Removing stm32f2xx_hal_gpio.o(i.HAL_GPIO_EXTI_Callback), (2 bytes).
    Removing stm32f2xx_hal_gpio.o(i.HAL_GPIO_EXTI_IRQHandler), (28 bytes).
    Removing stm32f2xx_hal_gpio.o(i.HAL_GPIO_Init), (508 bytes).
    Removing stm32f2xx_hal_gpio.o(i.HAL_GPIO_LockPin), (46 bytes).
    Removing stm32f2xx_hal_gpio.o(i.HAL_GPIO_ReadPin), (16 bytes).
    Removing stm32f2xx_hal_gpio.o(i.HAL_GPIO_TogglePin), (20 bytes).
    Removing stm32f2xx_hal_gpio.o(i.HAL_GPIO_WritePin), (12 bytes).
    Removing stm32f2xx_hal_rcc.o(.rev16_text), (4 bytes).
    Removing stm32f2xx_hal_rcc.o(.revsh_text), (4 bytes).
    Removing stm32f2xx_hal_rcc.o(.rrx_text), (6 bytes).
    Removing stm32f2xx_hal_rcc.o(i.HAL_RCC_CSSCallback), (2 bytes).
    Removing stm32f2xx_hal_rcc.o(i.HAL_RCC_ClockConfig), (396 bytes).
    Removing stm32f2xx_hal_rcc.o(i.HAL_RCC_DeInit), (328 bytes).
    Removing stm32f2xx_hal_rcc.o(i.HAL_RCC_DisableCSS), (12 bytes).
    Removing stm32f2xx_hal_rcc.o(i.HAL_RCC_EnableCSS), (12 bytes).
    Removing stm32f2xx_hal_rcc.o(i.HAL_RCC_GetClockConfig), (68 bytes).
    Removing stm32f2xx_hal_rcc.o(i.HAL_RCC_GetHCLKFreq), (12 bytes).
    Removing stm32f2xx_hal_rcc.o(i.HAL_RCC_GetOscConfig), (292 bytes).
    Removing stm32f2xx_hal_rcc.o(i.HAL_RCC_GetPCLK1Freq), (44 bytes).
    Removing stm32f2xx_hal_rcc.o(i.HAL_RCC_GetPCLK2Freq), (44 bytes).
    Removing stm32f2xx_hal_rcc.o(i.HAL_RCC_GetSysClockFreq), (176 bytes).
    Removing stm32f2xx_hal_rcc.o(i.HAL_RCC_MCOConfig), (192 bytes).
    Removing stm32f2xx_hal_rcc.o(i.HAL_RCC_NMI_IRQHandler), (32 bytes).
    Removing stm32f2xx_hal_rcc.o(i.HAL_RCC_OscConfig), (1032 bytes).
    Removing stm32f2xx_hal_rcc_ex.o(.rev16_text), (4 bytes).
    Removing stm32f2xx_hal_rcc_ex.o(.revsh_text), (4 bytes).
    Removing stm32f2xx_hal_rcc_ex.o(.rrx_text), (6 bytes).
    Removing stm32f2xx_hal_rcc_ex.o(i.HAL_RCCEx_DisablePLLI2S), (56 bytes).
    Removing stm32f2xx_hal_rcc_ex.o(i.HAL_RCCEx_EnablePLLI2S), (136 bytes).
    Removing stm32f2xx_hal_rcc_ex.o(i.HAL_RCCEx_GetPeriphCLKConfig), (80 bytes).
    Removing stm32f2xx_hal_rcc_ex.o(i.HAL_RCCEx_PeriphCLKConfig), (436 bytes).
    Removing stm32f2xx_hal_rtc.o(.rev16_text), (4 bytes).
    Removing stm32f2xx_hal_rtc.o(.revsh_text), (4 bytes).
    Removing stm32f2xx_hal_rtc.o(.rrx_text), (6 bytes).
    Removing stm32f2xx_hal_rtc.o(i.HAL_RTC_AlarmAEventCallback), (2 bytes).
    Removing stm32f2xx_hal_rtc.o(i.HAL_RTC_AlarmIRQHandler), (108 bytes).
    Removing stm32f2xx_hal_rtc.o(i.HAL_RTC_DST_Add1Hour), (40 bytes).
    Removing stm32f2xx_hal_rtc.o(i.HAL_RTC_DST_ClearStoreOperation), (40 bytes).
    Removing stm32f2xx_hal_rtc.o(i.HAL_RTC_DST_ReadStoreOperation), (12 bytes).
    Removing stm32f2xx_hal_rtc.o(i.HAL_RTC_DST_SetStoreOperation), (40 bytes).
    Removing stm32f2xx_hal_rtc.o(i.HAL_RTC_DST_Sub1Hour), (40 bytes).
    Removing stm32f2xx_hal_rtc.o(i.HAL_RTC_DeInit), (232 bytes).
    Removing stm32f2xx_hal_rtc.o(i.HAL_RTC_DeactivateAlarm), (244 bytes).
    Removing stm32f2xx_hal_rtc.o(i.HAL_RTC_GetAlarm), (122 bytes).
    Removing stm32f2xx_hal_rtc.o(i.HAL_RTC_GetDate), (76 bytes).
    Removing stm32f2xx_hal_rtc.o(i.HAL_RTC_GetState), (6 bytes).
    Removing stm32f2xx_hal_rtc.o(i.HAL_RTC_GetTime), (80 bytes).
    Removing stm32f2xx_hal_rtc.o(i.HAL_RTC_Init), (208 bytes).
    Removing stm32f2xx_hal_rtc.o(i.HAL_RTC_MspDeInit), (2 bytes).
    Removing stm32f2xx_hal_rtc.o(i.HAL_RTC_MspInit), (2 bytes).
    Removing stm32f2xx_hal_rtc.o(i.HAL_RTC_PollForAlarmAEvent), (74 bytes).
    Removing stm32f2xx_hal_rtc.o(i.HAL_RTC_SetAlarm), (434 bytes).
    Removing stm32f2xx_hal_rtc.o(i.HAL_RTC_SetAlarm_IT), (492 bytes).
    Removing stm32f2xx_hal_rtc.o(i.HAL_RTC_SetDate), (248 bytes).
    Removing stm32f2xx_hal_rtc.o(i.HAL_RTC_SetTime), (292 bytes).
    Removing stm32f2xx_hal_rtc.o(i.HAL_RTC_WaitForSynchro), (58 bytes).
    Removing stm32f2xx_hal_rtc.o(i.RTC_Bcd2ToByte), (22 bytes).
    Removing stm32f2xx_hal_rtc.o(i.RTC_ByteToBcd2), (26 bytes).
    Removing stm32f2xx_hal_rtc.o(i.RTC_EnterInitMode), (62 bytes).
    Removing stm32f2xx_hal_rtc_ex.o(.rev16_text), (4 bytes).
    Removing stm32f2xx_hal_rtc_ex.o(.revsh_text), (4 bytes).
    Removing stm32f2xx_hal_rtc_ex.o(.rrx_text), (6 bytes).
    Removing stm32f2xx_hal_rtc_ex.o(i.HAL_RTCEx_AlarmBEventCallback), (2 bytes).
    Removing stm32f2xx_hal_rtc_ex.o(i.HAL_RTCEx_BKUPRead), (18 bytes).
    Removing stm32f2xx_hal_rtc_ex.o(i.HAL_RTCEx_BKUPWrite), (18 bytes).
    Removing stm32f2xx_hal_rtc_ex.o(i.HAL_RTCEx_DeactivateCalibrationOutPut), (78 bytes).
    Removing stm32f2xx_hal_rtc_ex.o(i.HAL_RTCEx_DeactivateCoarseCalib), (126 bytes).
    Removing stm32f2xx_hal_rtc_ex.o(i.HAL_RTCEx_DeactivateRefClock), (126 bytes).
    Removing stm32f2xx_hal_rtc_ex.o(i.HAL_RTCEx_DeactivateTamper), (50 bytes).
    Removing stm32f2xx_hal_rtc_ex.o(i.HAL_RTCEx_DeactivateTimeStamp), (96 bytes).
    Removing stm32f2xx_hal_rtc_ex.o(i.HAL_RTCEx_DeactivateWakeUpTimer), (152 bytes).
    Removing stm32f2xx_hal_rtc_ex.o(i.HAL_RTCEx_GetTimeStamp), (168 bytes).
    Removing stm32f2xx_hal_rtc_ex.o(i.HAL_RTCEx_GetWakeUpTimer), (10 bytes).
    Removing stm32f2xx_hal_rtc_ex.o(i.HAL_RTCEx_PollForAlarmBEvent), (74 bytes).
    Removing stm32f2xx_hal_rtc_ex.o(i.HAL_RTCEx_PollForTamper1Event), (74 bytes).
    Removing stm32f2xx_hal_rtc_ex.o(i.HAL_RTCEx_PollForTimeStampEvent), (92 bytes).
    Removing stm32f2xx_hal_rtc_ex.o(i.HAL_RTCEx_PollForWakeUpTimerEvent), (74 bytes).
    Removing stm32f2xx_hal_rtc_ex.o(i.HAL_RTCEx_SetCalibrationOutPut), (78 bytes).
    Removing stm32f2xx_hal_rtc_ex.o(i.HAL_RTCEx_SetCoarseCalib), (138 bytes).
    Removing stm32f2xx_hal_rtc_ex.o(i.HAL_RTCEx_SetRefClock), (126 bytes).
    Removing stm32f2xx_hal_rtc_ex.o(i.HAL_RTCEx_SetTamper), (84 bytes).
    Removing stm32f2xx_hal_rtc_ex.o(i.HAL_RTCEx_SetTamper_IT), (144 bytes).
    Removing stm32f2xx_hal_rtc_ex.o(i.HAL_RTCEx_SetTimeStamp), (122 bytes).
    Removing stm32f2xx_hal_rtc_ex.o(i.HAL_RTCEx_SetTimeStamp_IT), (184 bytes).
    Removing stm32f2xx_hal_rtc_ex.o(i.HAL_RTCEx_SetWakeUpTimer), (254 bytes).
    Removing stm32f2xx_hal_rtc_ex.o(i.HAL_RTCEx_SetWakeUpTimer_IT), (324 bytes).
    Removing stm32f2xx_hal_rtc_ex.o(i.HAL_RTCEx_Tamper1EventCallback), (2 bytes).
    Removing stm32f2xx_hal_rtc_ex.o(i.HAL_RTCEx_TamperTimeStampIRQHandler), (120 bytes).
    Removing stm32f2xx_hal_rtc_ex.o(i.HAL_RTCEx_TimeStampEventCallback), (2 bytes).
    Removing stm32f2xx_hal_rtc_ex.o(i.HAL_RTCEx_WakeUpTimerEventCallback), (2 bytes).
    Removing stm32f2xx_hal_rtc_ex.o(i.HAL_RTCEx_WakeUpTimerIRQHandler), (64 bytes).
    Removing system_stm32f2xx.o(.rev16_text), (4 bytes).
    Removing system_stm32f2xx.o(.revsh_text), (4 bytes).
    Removing system_stm32f2xx.o(.rrx_text), (6 bytes).
    Removing system_stm32f2xx.o(i.SystemCoreClockUpdate), (192 bytes).
    Removing system_stm32f2xx.o(.constdata), (24 bytes).
    Removing system_stm32f2xx.o(.data), (4 bytes).

210 unused section(s) (total 14973 bytes) removed from the image.

==============================================================================

Image Symbol Table

    Local Symbols

    Symbol Name                              Value     Ov Type        Size  Object(Section)

    ../clib/angel/boardlib.s                 0x00000000   Number         0  boardinit2.o ABSOLUTE
    ../clib/angel/boardlib.s                 0x00000000   Number         0  boardinit1.o ABSOLUTE
    ../clib/angel/boardlib.s                 0x00000000   Number         0  boardshut.o ABSOLUTE
    ../clib/angel/boardlib.s                 0x00000000   Number         0  boardinit3.o ABSOLUTE
    ../clib/angel/handlers.s                 0x00000000   Number         0  __scatter_zi.o ABSOLUTE
    ../clib/angel/handlers.s                 0x00000000   Number         0  __scatter_copy.o ABSOLUTE
    ../clib/angel/kernel.s                   0x00000000   Number         0  rtexit.o ABSOLUTE
    ../clib/angel/kernel.s                   0x00000000   Number         0  __rtentry2.o ABSOLUTE
    ../clib/angel/kernel.s                   0x00000000   Number         0  rtexit2.o ABSOLUTE
    ../clib/angel/kernel.s                   0x00000000   Number         0  __rtentry4.o ABSOLUTE
    ../clib/angel/kernel.s                   0x00000000   Number         0  __rtentry.o ABSOLUTE
    ../clib/angel/rt.s                       0x00000000   Number         0  rt_div0.o ABSOLUTE
    ../clib/angel/rt.s                       0x00000000   Number         0  rt_raise.o ABSOLUTE
    ../clib/angel/rt.s                       0x00000000   Number         0  aeabi_ldiv0_sigfpe.o ABSOLUTE
    ../clib/angel/rt.s                       0x00000000   Number         0  aeabi_ldiv0.o ABSOLUTE
    ../clib/angel/scatter.s                  0x00000000   Number         0  __scatter.o ABSOLUTE
    ../clib/angel/startup.s                  0x00000000   Number         0  __main.o ABSOLUTE
    ../clib/angel/sys.s                      0x00000000   Number         0  use_no_semi.o ABSOLUTE
    ../clib/angel/sys.s                      0x00000000   Number         0  indicate_semi.o ABSOLUTE
    ../clib/angel/sys.s                      0x00000000   Number         0  sys_stackheap_outer.o ABSOLUTE
    ../clib/angel/sys.s                      0x00000000   Number         0  libspace.o ABSOLUTE
    ../clib/angel/sysapp.c                   0x00000000   Number         0  sys_wrch.o ABSOLUTE
    ../clib/angel/sysapp.c                   0x00000000   Number         0  sys_exit.o ABSOLUTE
    ../clib/angel/sysapp.c                   0x00000000   Number         0  sys_command.o ABSOLUTE
    ../clib/armsys.c                         0x00000000   Number         0  argv_veneer.o ABSOLUTE
    ../clib/armsys.c                         0x00000000   Number         0  argv_veneer.o ABSOLUTE
    ../clib/armsys.c                         0x00000000   Number         0  _get_argv_nomalloc.o ABSOLUTE
    ../clib/armsys.c                         0x00000000   Number         0  no_argv.o ABSOLUTE
    ../clib/heapalloc.c                      0x00000000   Number         0  hrguard.o ABSOLUTE
    ../clib/heapaux.c                        0x00000000   Number         0  heapauxi.o ABSOLUTE
    ../clib/libinit.s                        0x00000000   Number         0  libinit.o ABSOLUTE
    ../clib/libinit.s                        0x00000000   Number         0  libshutdown2.o ABSOLUTE
    ../clib/libinit.s                        0x00000000   Number         0  libinit2.o ABSOLUTE
    ../clib/libinit.s                        0x00000000   Number         0  libshutdown.o ABSOLUTE
    ../clib/longlong.s                       0x00000000   Number         0  lludivv7m.o ABSOLUTE
    ../clib/signal.c                         0x00000000   Number         0  defsig_rtmem_formal.o ABSOLUTE
    ../clib/signal.c                         0x00000000   Number         0  defsig_other.o ABSOLUTE
    ../clib/signal.c                         0x00000000   Number         0  defsig_fpe_inner.o ABSOLUTE
    ../clib/signal.c                         0x00000000   Number         0  defsig_exit.o ABSOLUTE
    ../clib/signal.c                         0x00000000   Number         0  __raise.o ABSOLUTE
    ../clib/signal.c                         0x00000000   Number         0  defsig_rtmem_outer.o ABSOLUTE
    ../clib/signal.c                         0x00000000   Number         0  defsig_segv_inner.o ABSOLUTE
    ../clib/signal.c                         0x00000000   Number         0  defsig_pvfn_inner.o ABSOLUTE
    ../clib/signal.c                         0x00000000   Number         0  defsig_stak_inner.o ABSOLUTE
    ../clib/signal.c                         0x00000000   Number         0  defsig_cppl_inner.o ABSOLUTE
    ../clib/signal.c                         0x00000000   Number         0  defsig_fpe_formal.o ABSOLUTE
    ../clib/signal.c                         0x00000000   Number         0  defsig_rtmem_inner.o ABSOLUTE
    ../clib/signal.c                         0x00000000   Number         0  defsig_rtred_inner.o ABSOLUTE
    ../clib/signal.c                         0x00000000   Number         0  defsig_abrt_inner.o ABSOLUTE
    ../clib/signal.c                         0x00000000   Number         0  defsig_general.o ABSOLUTE
    ../clib/signal.c                         0x00000000   Number         0  defsig_fpe_outer.o ABSOLUTE
    ../clib/signal.s                         0x00000000   Number         0  defsig.o ABSOLUTE
    ../clib/stdlib.c                         0x00000000   Number         0  exit.o ABSOLUTE
    ../fplib/fpinit.s                        0x00000000   Number         0  fpinit.o ABSOLUTE
    C:\Keil_v5\ARM\PACK\Keil\STM32F2xx_DFP\2.10.0\Drivers\STM32F2xx_HAL_Driver\Src\stm32f2xx_hal.c 0x00000000   Number         0  stm32f2xx_hal.o ABSOLUTE
    C:\Keil_v5\ARM\PACK\Keil\STM32F2xx_DFP\2.10.0\Drivers\STM32F2xx_HAL_Driver\Src\stm32f2xx_hal_cortex.c 0x00000000   Number         0  stm32f2xx_hal_cortex.o ABSOLUTE
    C:\Keil_v5\ARM\PACK\Keil\STM32F2xx_DFP\2.10.0\Drivers\STM32F2xx_HAL_Driver\Src\stm32f2xx_hal_exti.c 0x00000000   Number         0  stm32f2xx_hal_exti.o ABSOLUTE
    C:\Keil_v5\ARM\PACK\Keil\STM32F2xx_DFP\2.10.0\Drivers\STM32F2xx_HAL_Driver\Src\stm32f2xx_hal_flash.c 0x00000000   Number         0  stm32f2xx_hal_flash.o ABSOLUTE
    C:\Keil_v5\ARM\PACK\Keil\STM32F2xx_DFP\2.10.0\Drivers\STM32F2xx_HAL_Driver\Src\stm32f2xx_hal_flash_ex.c 0x00000000   Number         0  stm32f2xx_hal_flash_ex.o ABSOLUTE
    C:\Keil_v5\ARM\PACK\Keil\STM32F2xx_DFP\2.10.0\Drivers\STM32F2xx_HAL_Driver\Src\stm32f2xx_hal_gpio.c 0x00000000   Number         0  stm32f2xx_hal_gpio.o ABSOLUTE
    C:\Keil_v5\ARM\PACK\Keil\STM32F2xx_DFP\2.10.0\Drivers\STM32F2xx_HAL_Driver\Src\stm32f2xx_hal_rcc.c 0x00000000   Number         0  stm32f2xx_hal_rcc.o ABSOLUTE
    C:\Keil_v5\ARM\PACK\Keil\STM32F2xx_DFP\2.10.0\Drivers\STM32F2xx_HAL_Driver\Src\stm32f2xx_hal_rcc_ex.c 0x00000000   Number         0  stm32f2xx_hal_rcc_ex.o ABSOLUTE
    C:\Keil_v5\ARM\PACK\Keil\STM32F2xx_DFP\2.10.0\Drivers\STM32F2xx_HAL_Driver\Src\stm32f2xx_hal_rtc.c 0x00000000   Number         0  stm32f2xx_hal_rtc.o ABSOLUTE
    C:\Keil_v5\ARM\PACK\Keil\STM32F2xx_DFP\2.10.0\Drivers\STM32F2xx_HAL_Driver\Src\stm32f2xx_hal_rtc_ex.c 0x00000000   Number         0  stm32f2xx_hal_rtc_ex.o ABSOLUTE
    C:\\Keil_v5\\ARM\\PACK\\Keil\\STM32F2xx_DFP\\2.10.0\\Drivers\\STM32F2xx_HAL_Driver\\Src\\stm32f2xx_hal.c 0x00000000   Number         0  stm32f2xx_hal.o ABSOLUTE
    C:\\Keil_v5\\ARM\\PACK\\Keil\\STM32F2xx_DFP\\2.10.0\\Drivers\\STM32F2xx_HAL_Driver\\Src\\stm32f2xx_hal_cortex.c 0x00000000   Number         0  stm32f2xx_hal_cortex.o ABSOLUTE
    C:\\Keil_v5\\ARM\\PACK\\Keil\\STM32F2xx_DFP\\2.10.0\\Drivers\\STM32F2xx_HAL_Driver\\Src\\stm32f2xx_hal_exti.c 0x00000000   Number         0  stm32f2xx_hal_exti.o ABSOLUTE
    C:\\Keil_v5\\ARM\\PACK\\Keil\\STM32F2xx_DFP\\2.10.0\\Drivers\\STM32F2xx_HAL_Driver\\Src\\stm32f2xx_hal_flash.c 0x00000000   Number         0  stm32f2xx_hal_flash.o ABSOLUTE
    C:\\Keil_v5\\ARM\\PACK\\Keil\\STM32F2xx_DFP\\2.10.0\\Drivers\\STM32F2xx_HAL_Driver\\Src\\stm32f2xx_hal_flash_ex.c 0x00000000   Number         0  stm32f2xx_hal_flash_ex.o ABSOLUTE
    C:\\Keil_v5\\ARM\\PACK\\Keil\\STM32F2xx_DFP\\2.10.0\\Drivers\\STM32F2xx_HAL_Driver\\Src\\stm32f2xx_hal_gpio.c 0x00000000   Number         0  stm32f2xx_hal_gpio.o ABSOLUTE
    C:\\Keil_v5\\ARM\\PACK\\Keil\\STM32F2xx_DFP\\2.10.0\\Drivers\\STM32F2xx_HAL_Driver\\Src\\stm32f2xx_hal_rcc.c 0x00000000   Number         0  stm32f2xx_hal_rcc.o ABSOLUTE
    C:\\Keil_v5\\ARM\\PACK\\Keil\\STM32F2xx_DFP\\2.10.0\\Drivers\\STM32F2xx_HAL_Driver\\Src\\stm32f2xx_hal_rcc_ex.c 0x00000000   Number         0  stm32f2xx_hal_rcc_ex.o ABSOLUTE
    C:\\Keil_v5\\ARM\\PACK\\Keil\\STM32F2xx_DFP\\2.10.0\\Drivers\\STM32F2xx_HAL_Driver\\Src\\stm32f2xx_hal_rtc.c 0x00000000   Number         0  stm32f2xx_hal_rtc.o ABSOLUTE
    C:\\Keil_v5\\ARM\\PACK\\Keil\\STM32F2xx_DFP\\2.10.0\\Drivers\\STM32F2xx_HAL_Driver\\Src\\stm32f2xx_hal_rtc_ex.c 0x00000000   Number         0  stm32f2xx_hal_rtc_ex.o ABSOLUTE
    RTE\Device\STM32F207IGHx\startup_stm32f207xx.s 0x00000000   Number         0  startup_stm32f207xx.o ABSOLUTE
    RTE\Device\STM32F207IGHx\system_stm32f2xx.c 0x00000000   Number         0  system_stm32f2xx.o ABSOLUTE
    RTE\\Device\\STM32F207IGHx\\system_stm32f2xx.c 0x00000000   Number         0  system_stm32f2xx.o ABSOLUTE
    dc.s                                     0x00000000   Number         0  dc.o ABSOLUTE
    lab3.c                                   0x00000000   Number         0  lab3.o ABSOLUTE
    lab3.c                                   0x00000000   Number         0  lab3.o ABSOLUTE
    RESET                                    0x08000000   Section      388  startup_stm32f207xx.o(RESET)
    !!!main                                  0x08000184   Section        8  __main.o(!!!main)
    !!!scatter                               0x0800018c   Section       52  __scatter.o(!!!scatter)
    !!handler_copy                           0x080001c0   Section       26  __scatter_copy.o(!!handler_copy)
    !!handler_zi                             0x080001dc   Section       28  __scatter_zi.o(!!handler_zi)
    .ARM.Collect$$libinit$$00000000          0x080001f8   Section        2  libinit.o(.ARM.Collect$$libinit$$00000000)
    .ARM.Collect$$libinit$$00000002          0x080001fa   Section        0  libinit2.o(.ARM.Collect$$libinit$$00000002)
    .ARM.Collect$$libinit$$00000004          0x080001fa   Section        0  libinit2.o(.ARM.Collect$$libinit$$00000004)
    .ARM.Collect$$libinit$$0000000A          0x080001fa   Section        0  libinit2.o(.ARM.Collect$$libinit$$0000000A)
    .ARM.Collect$$libinit$$0000000C          0x080001fa   Section        0  libinit2.o(.ARM.Collect$$libinit$$0000000C)
    .ARM.Collect$$libinit$$0000000E          0x080001fa   Section        0  libinit2.o(.ARM.Collect$$libinit$$0000000E)
    .ARM.Collect$$libinit$$00000011          0x080001fa   Section        0  libinit2.o(.ARM.Collect$$libinit$$00000011)
    .ARM.Collect$$libinit$$00000013          0x080001fa   Section        0  libinit2.o(.ARM.Collect$$libinit$$00000013)
    .ARM.Collect$$libinit$$00000015          0x080001fa   Section        0  libinit2.o(.ARM.Collect$$libinit$$00000015)
    .ARM.Collect$$libinit$$00000017          0x080001fa   Section        0  libinit2.o(.ARM.Collect$$libinit$$00000017)
    .ARM.Collect$$libinit$$00000019          0x080001fa   Section        0  libinit2.o(.ARM.Collect$$libinit$$00000019)
    .ARM.Collect$$libinit$$0000001B          0x080001fa   Section        0  libinit2.o(.ARM.Collect$$libinit$$0000001B)
    .ARM.Collect$$libinit$$0000001D          0x080001fa   Section        0  libinit2.o(.ARM.Collect$$libinit$$0000001D)
    .ARM.Collect$$libinit$$0000001F          0x080001fa   Section        0  libinit2.o(.ARM.Collect$$libinit$$0000001F)
    .ARM.Collect$$libinit$$00000021          0x080001fa   Section        0  libinit2.o(.ARM.Collect$$libinit$$00000021)
    .ARM.Collect$$libinit$$00000023          0x080001fa   Section        0  libinit2.o(.ARM.Collect$$libinit$$00000023)
    .ARM.Collect$$libinit$$00000025          0x080001fa   Section        0  libinit2.o(.ARM.Collect$$libinit$$00000025)
    .ARM.Collect$$libinit$$0000002C          0x080001fa   Section        0  libinit2.o(.ARM.Collect$$libinit$$0000002C)
    .ARM.Collect$$libinit$$0000002E          0x080001fa   Section        0  libinit2.o(.ARM.Collect$$libinit$$0000002E)
    .ARM.Collect$$libinit$$00000030          0x080001fa   Section        0  libinit2.o(.ARM.Collect$$libinit$$00000030)
    .ARM.Collect$$libinit$$00000032          0x080001fa   Section        0  libinit2.o(.ARM.Collect$$libinit$$00000032)
    .ARM.Collect$$libinit$$00000033          0x080001fa   Section        2  libinit2.o(.ARM.Collect$$libinit$$00000033)
    .ARM.Collect$$libshutdown$$00000000      0x080001fc   Section        2  libshutdown.o(.ARM.Collect$$libshutdown$$00000000)
    .ARM.Collect$$libshutdown$$00000003      0x080001fe   Section        0  libshutdown2.o(.ARM.Collect$$libshutdown$$00000003)
    .ARM.Collect$$libshutdown$$00000006      0x080001fe   Section        0  libshutdown2.o(.ARM.Collect$$libshutdown$$00000006)
    .ARM.Collect$$libshutdown$$00000009      0x080001fe   Section        0  libshutdown2.o(.ARM.Collect$$libshutdown$$00000009)
    .ARM.Collect$$libshutdown$$0000000B      0x080001fe   Section        0  libshutdown2.o(.ARM.Collect$$libshutdown$$0000000B)
    .ARM.Collect$$libshutdown$$0000000E      0x080001fe   Section        0  libshutdown2.o(.ARM.Collect$$libshutdown$$0000000E)
    .ARM.Collect$$libshutdown$$0000000F      0x080001fe   Section        2  libshutdown2.o(.ARM.Collect$$libshutdown$$0000000F)
    .ARM.Collect$$rtentry$$00000000          0x08000200   Section        0  __rtentry.o(.ARM.Collect$$rtentry$$00000000)
    .ARM.Collect$$rtentry$$00000002          0x08000200   Section        0  __rtentry2.o(.ARM.Collect$$rtentry$$00000002)
    .ARM.Collect$$rtentry$$00000004          0x08000200   Section        6  __rtentry4.o(.ARM.Collect$$rtentry$$00000004)
    .ARM.Collect$$rtentry$$00000009          0x08000206   Section        0  __rtentry2.o(.ARM.Collect$$rtentry$$00000009)
    .ARM.Collect$$rtentry$$0000000A          0x08000206   Section        4  __rtentry2.o(.ARM.Collect$$rtentry$$0000000A)
    .ARM.Collect$$rtentry$$0000000C          0x0800020a   Section        0  __rtentry2.o(.ARM.Collect$$rtentry$$0000000C)
    .ARM.Collect$$rtentry$$0000000D          0x0800020a   Section        8  __rtentry2.o(.ARM.Collect$$rtentry$$0000000D)
    .ARM.Collect$$rtexit$$00000000           0x08000212   Section        2  rtexit.o(.ARM.Collect$$rtexit$$00000000)
    .ARM.Collect$$rtexit$$00000002           0x08000214   Section        0  rtexit2.o(.ARM.Collect$$rtexit$$00000002)
    .ARM.Collect$$rtexit$$00000003           0x08000214   Section        4  rtexit2.o(.ARM.Collect$$rtexit$$00000003)
    .ARM.Collect$$rtexit$$00000004           0x08000218   Section        6  rtexit2.o(.ARM.Collect$$rtexit$$00000004)
    .text                                    0x08000220   Section       64  startup_stm32f207xx.o(.text)
    .text                                    0x08000260   Section        0  heapauxi.o(.text)
    .text                                    0x08000266   Section       74  sys_stackheap_outer.o(.text)
    .text                                    0x080002b0   Section        0  exit.o(.text)
    .text                                    0x080002bc   Section        8  libspace.o(.text)
    .text                                    0x080002c4   Section        0  sys_exit.o(.text)
    .text                                    0x080002d0   Section        2  use_no_semi.o(.text)
    .text                                    0x080002d2   Section        0  indicate_semi.o(.text)
    i.EXTI0_IRQHandler                       0x080002d4   Section        0  lab3.o(i.EXTI0_IRQHandler)
    i.EXTI15_10_IRQHandler                   0x080002f0   Section        0  lab3.o(i.EXTI15_10_IRQHandler)
    i.PG6                                    0x0800030c   Section        0  lab3.o(i.PG6)
    i.PG6off                                 0x08000388   Section        0  lab3.o(i.PG6off)
    i.PG7                                    0x0800039c   Section        0  lab3.o(i.PG7)
    i.PG7off                                 0x08000414   Section        0  lab3.o(i.PG7off)
    i.PG8                                    0x08000428   Section        0  lab3.o(i.PG8)
    i.PG8off                                 0x080004a4   Section        0  lab3.o(i.PG8off)
    i.SystemInit                             0x080004b8   Section        0  system_stm32f2xx.o(i.SystemInit)
    i.__NVIC_EnableIRQ                       0x080004ba   Section        0  lab3.o(i.__NVIC_EnableIRQ)
    __NVIC_EnableIRQ                         0x080004bb   Thumb Code    34  lab3.o(i.__NVIC_EnableIRQ)
    i.__NVIC_SetPriority                     0x080004dc   Section        0  lab3.o(i.__NVIC_SetPriority)
    __NVIC_SetPriority                       0x080004dd   Thumb Code    32  lab3.o(i.__NVIC_SetPriority)
    i.delay                                  0x08000504   Section        0  lab3.o(i.delay)
    i.main                                   0x08000524   Section        0  lab3.o(i.main)
    .data                                    0x20000000   Section        4  lab3.o(.data)
    .bss                                     0x20000004   Section       96  libspace.o(.bss)
    HEAP                                     0x20000068   Section      512  startup_stm32f207xx.o(HEAP)
    Heap_Mem                                 0x20000068   Data         512  startup_stm32f207xx.o(HEAP)
    STACK                                    0x20000268   Section     1024  startup_stm32f207xx.o(STACK)
    Stack_Mem                                0x20000268   Data        1024  startup_stm32f207xx.o(STACK)
    __initial_sp                             0x20000668   Data           0  startup_stm32f207xx.o(STACK)

    Global Symbols

    Symbol Name                              Value     Ov Type        Size  Object(Section)

    BuildAttributes$$THM_ISAv4$P$D$K$B$S$PE$A:L22UL41UL21$X:L11$S22US41US21$IEEE1$IW$USESV6$~STKCKD$USESV7$~SHL$OSPACE$ROPI$EBA8$UX$STANDARDLIB$REQ8$PRES8$EABIv2 0x00000000   Number         0  anon$$obj.o ABSOLUTE
    __ARM_use_no_argv                        0x00000000   Number         0  lab3.o ABSOLUTE
    __ARM_exceptions_init                     - Undefined Weak Reference
    __alloca_initialize                       - Undefined Weak Reference
    __arm_preinit_                            - Undefined Weak Reference
    __cpp_initialize__aeabi_                  - Undefined Weak Reference
    __cxa_finalize                            - Undefined Weak Reference
    __rt_locale                               - Undefined Weak Reference
    __sigvec_lookup                           - Undefined Weak Reference
    _atexit_init                              - Undefined Weak Reference
    _call_atexit_fns                          - Undefined Weak Reference
    _clock_init                               - Undefined Weak Reference
    _fp_trap_init                             - Undefined Weak Reference
    _fp_trap_shutdown                         - Undefined Weak Reference
    _get_lc_collate                           - Undefined Weak Reference
    _get_lc_ctype                             - Undefined Weak Reference
    _get_lc_monetary                          - Undefined Weak Reference
    _get_lc_numeric                           - Undefined Weak Reference
    _get_lc_time                              - Undefined Weak Reference
    _getenv_init                              - Undefined Weak Reference
    _handle_redirection                       - Undefined Weak Reference
    _init_alloc                               - Undefined Weak Reference
    _init_user_alloc                          - Undefined Weak Reference
    _initio                                   - Undefined Weak Reference
    _rand_init                                - Undefined Weak Reference
    _signal_finish                            - Undefined Weak Reference
    _signal_init                              - Undefined Weak Reference
    _terminate_alloc                          - Undefined Weak Reference
    _terminate_user_alloc                     - Undefined Weak Reference
    _terminateio                              - Undefined Weak Reference
    __Vectors_Size                           0x00000184   Number         0  startup_stm32f207xx.o ABSOLUTE
    __Vectors                                0x08000000   Data           4  startup_stm32f207xx.o(RESET)
    __Vectors_End                            0x08000184   Data           0  startup_stm32f207xx.o(RESET)
    __main                                   0x08000185   Thumb Code     8  __main.o(!!!main)
    __scatterload                            0x0800018d   Thumb Code     0  __scatter.o(!!!scatter)
    __scatterload_rt2                        0x0800018d   Thumb Code    44  __scatter.o(!!!scatter)
    __scatterload_rt2_thumb_only             0x0800018d   Thumb Code     0  __scatter.o(!!!scatter)
    __scatterload_null                       0x0800019b   Thumb Code     0  __scatter.o(!!!scatter)
    __scatterload_copy                       0x080001c1   Thumb Code    26  __scatter_copy.o(!!handler_copy)
    __scatterload_zeroinit                   0x080001dd   Thumb Code    28  __scatter_zi.o(!!handler_zi)
    __rt_lib_init                            0x080001f9   Thumb Code     0  libinit.o(.ARM.Collect$$libinit$$00000000)
    __rt_lib_init_alloca_1                   0x080001fb   Thumb Code     0  libinit2.o(.ARM.Collect$$libinit$$0000002E)
    __rt_lib_init_argv_1                     0x080001fb   Thumb Code     0  libinit2.o(.ARM.Collect$$libinit$$0000002C)
    __rt_lib_init_atexit_1                   0x080001fb   Thumb Code     0  libinit2.o(.ARM.Collect$$libinit$$0000001B)
    __rt_lib_init_clock_1                    0x080001fb   Thumb Code     0  libinit2.o(.ARM.Collect$$libinit$$00000021)
    __rt_lib_init_cpp_1                      0x080001fb   Thumb Code     0  libinit2.o(.ARM.Collect$$libinit$$00000032)
    __rt_lib_init_exceptions_1               0x080001fb   Thumb Code     0  libinit2.o(.ARM.Collect$$libinit$$00000030)
    __rt_lib_init_fp_1                       0x080001fb   Thumb Code     0  libinit2.o(.ARM.Collect$$libinit$$00000002)
    __rt_lib_init_fp_trap_1                  0x080001fb   Thumb Code     0  libinit2.o(.ARM.Collect$$libinit$$0000001F)
    __rt_lib_init_getenv_1                   0x080001fb   Thumb Code     0  libinit2.o(.ARM.Collect$$libinit$$00000023)
    __rt_lib_init_heap_1                     0x080001fb   Thumb Code     0  libinit2.o(.ARM.Collect$$libinit$$0000000A)
    __rt_lib_init_lc_collate_1               0x080001fb   Thumb Code     0  libinit2.o(.ARM.Collect$$libinit$$00000011)
    __rt_lib_init_lc_ctype_1                 0x080001fb   Thumb Code     0  libinit2.o(.ARM.Collect$$libinit$$00000013)
    __rt_lib_init_lc_monetary_1              0x080001fb   Thumb Code     0  libinit2.o(.ARM.Collect$$libinit$$00000015)
    __rt_lib_init_lc_numeric_1               0x080001fb   Thumb Code     0  libinit2.o(.ARM.Collect$$libinit$$00000017)
    __rt_lib_init_lc_time_1                  0x080001fb   Thumb Code     0  libinit2.o(.ARM.Collect$$libinit$$00000019)
    __rt_lib_init_preinit_1                  0x080001fb   Thumb Code     0  libinit2.o(.ARM.Collect$$libinit$$00000004)
    __rt_lib_init_rand_1                     0x080001fb   Thumb Code     0  libinit2.o(.ARM.Collect$$libinit$$0000000E)
    __rt_lib_init_return                     0x080001fb   Thumb Code     0  libinit2.o(.ARM.Collect$$libinit$$00000033)
    __rt_lib_init_signal_1                   0x080001fb   Thumb Code     0  libinit2.o(.ARM.Collect$$libinit$$0000001D)
    __rt_lib_init_stdio_1                    0x080001fb   Thumb Code     0  libinit2.o(.ARM.Collect$$libinit$$00000025)
    __rt_lib_init_user_alloc_1               0x080001fb   Thumb Code     0  libinit2.o(.ARM.Collect$$libinit$$0000000C)
    __rt_lib_shutdown                        0x080001fd   Thumb Code     0  libshutdown.o(.ARM.Collect$$libshutdown$$00000000)
    __rt_lib_shutdown_fp_trap_1              0x080001ff   Thumb Code     0  libshutdown2.o(.ARM.Collect$$libshutdown$$00000006)
    __rt_lib_shutdown_heap_1                 0x080001ff   Thumb Code     0  libshutdown2.o(.ARM.Collect$$libshutdown$$0000000E)
    __rt_lib_shutdown_return                 0x080001ff   Thumb Code     0  libshutdown2.o(.ARM.Collect$$libshutdown$$0000000F)
    __rt_lib_shutdown_signal_1               0x080001ff   Thumb Code     0  libshutdown2.o(.ARM.Collect$$libshutdown$$00000009)
    __rt_lib_shutdown_stdio_1                0x080001ff   Thumb Code     0  libshutdown2.o(.ARM.Collect$$libshutdown$$00000003)
    __rt_lib_shutdown_user_alloc_1           0x080001ff   Thumb Code     0  libshutdown2.o(.ARM.Collect$$libshutdown$$0000000B)
    __rt_entry                               0x08000201   Thumb Code     0  __rtentry.o(.ARM.Collect$$rtentry$$00000000)
    __rt_entry_presh_1                       0x08000201   Thumb Code     0  __rtentry2.o(.ARM.Collect$$rtentry$$00000002)
    __rt_entry_sh                            0x08000201   Thumb Code     0  __rtentry4.o(.ARM.Collect$$rtentry$$00000004)
    __rt_entry_li                            0x08000207   Thumb Code     0  __rtentry2.o(.ARM.Collect$$rtentry$$0000000A)
    __rt_entry_postsh_1                      0x08000207   Thumb Code     0  __rtentry2.o(.ARM.Collect$$rtentry$$00000009)
    __rt_entry_main                          0x0800020b   Thumb Code     0  __rtentry2.o(.ARM.Collect$$rtentry$$0000000D)
    __rt_entry_postli_1                      0x0800020b   Thumb Code     0  __rtentry2.o(.ARM.Collect$$rtentry$$0000000C)
    __rt_exit                                0x08000213   Thumb Code     0  rtexit.o(.ARM.Collect$$rtexit$$00000000)
    __rt_exit_ls                             0x08000215   Thumb Code     0  rtexit2.o(.ARM.Collect$$rtexit$$00000003)
    __rt_exit_prels_1                        0x08000215   Thumb Code     0  rtexit2.o(.ARM.Collect$$rtexit$$00000002)
    __rt_exit_exit                           0x08000219   Thumb Code     0  rtexit2.o(.ARM.Collect$$rtexit$$00000004)
    Reset_Handler                            0x08000221   Thumb Code     8  startup_stm32f207xx.o(.text)
    NMI_Handler                              0x08000229   Thumb Code     2  startup_stm32f207xx.o(.text)
    HardFault_Handler                        0x0800022b   Thumb Code     2  startup_stm32f207xx.o(.text)
    MemManage_Handler                        0x0800022d   Thumb Code     2  startup_stm32f207xx.o(.text)
    BusFault_Handler                         0x0800022f   Thumb Code     2  startup_stm32f207xx.o(.text)
    UsageFault_Handler                       0x08000231   Thumb Code     2  startup_stm32f207xx.o(.text)
    SVC_Handler                              0x08000233   Thumb Code     2  startup_stm32f207xx.o(.text)
    DebugMon_Handler                         0x08000235   Thumb Code     2  startup_stm32f207xx.o(.text)
    PendSV_Handler                           0x08000237   Thumb Code     2  startup_stm32f207xx.o(.text)
    SysTick_Handler                          0x08000239   Thumb Code     2  startup_stm32f207xx.o(.text)
    ADC_IRQHandler                           0x0800023b   Thumb Code     0  startup_stm32f207xx.o(.text)
    CAN1_RX0_IRQHandler                      0x0800023b   Thumb Code     0  startup_stm32f207xx.o(.text)
    CAN1_RX1_IRQHandler                      0x0800023b   Thumb Code     0  startup_stm32f207xx.o(.text)
    CAN1_SCE_IRQHandler                      0x0800023b   Thumb Code     0  startup_stm32f207xx.o(.text)
    CAN1_TX_IRQHandler                       0x0800023b   Thumb Code     0  startup_stm32f207xx.o(.text)
    CAN2_RX0_IRQHandler                      0x0800023b   Thumb Code     0  startup_stm32f207xx.o(.text)
    CAN2_RX1_IRQHandler                      0x0800023b   Thumb Code     0  startup_stm32f207xx.o(.text)
    CAN2_SCE_IRQHandler                      0x0800023b   Thumb Code     0  startup_stm32f207xx.o(.text)
    CAN2_TX_IRQHandler                       0x0800023b   Thumb Code     0  startup_stm32f207xx.o(.text)
    DCMI_IRQHandler                          0x0800023b   Thumb Code     0  startup_stm32f207xx.o(.text)
    DMA1_Stream0_IRQHandler                  0x0800023b   Thumb Code     0  startup_stm32f207xx.o(.text)
    DMA1_Stream1_IRQHandler                  0x0800023b   Thumb Code     0  startup_stm32f207xx.o(.text)
    DMA1_Stream2_IRQHandler                  0x0800023b   Thumb Code     0  startup_stm32f207xx.o(.text)
    DMA1_Stream3_IRQHandler                  0x0800023b   Thumb Code     0  startup_stm32f207xx.o(.text)
    DMA1_Stream4_IRQHandler                  0x0800023b   Thumb Code     0  startup_stm32f207xx.o(.text)
    DMA1_Stream5_IRQHandler                  0x0800023b   Thumb Code     0  startup_stm32f207xx.o(.text)
    DMA1_Stream6_IRQHandler                  0x0800023b   Thumb Code     0  startup_stm32f207xx.o(.text)
    DMA1_Stream7_IRQHandler                  0x0800023b   Thumb Code     0  startup_stm32f207xx.o(.text)
    DMA2_Stream0_IRQHandler                  0x0800023b   Thumb Code     0  startup_stm32f207xx.o(.text)
    DMA2_Stream1_IRQHandler                  0x0800023b   Thumb Code     0  startup_stm32f207xx.o(.text)
    DMA2_Stream2_IRQHandler                  0x0800023b   Thumb Code     0  startup_stm32f207xx.o(.text)
    DMA2_Stream3_IRQHandler                  0x0800023b   Thumb Code     0  startup_stm32f207xx.o(.text)
    DMA2_Stream4_IRQHandler                  0x0800023b   Thumb Code     0  startup_stm32f207xx.o(.text)
    DMA2_Stream5_IRQHandler                  0x0800023b   Thumb Code     0  startup_stm32f207xx.o(.text)
    DMA2_Stream6_IRQHandler                  0x0800023b   Thumb Code     0  startup_stm32f207xx.o(.text)
    DMA2_Stream7_IRQHandler                  0x0800023b   Thumb Code     0  startup_stm32f207xx.o(.text)
    ETH_IRQHandler                           0x0800023b   Thumb Code     0  startup_stm32f207xx.o(.text)
    ETH_WKUP_IRQHandler                      0x0800023b   Thumb Code     0  startup_stm32f207xx.o(.text)
    EXTI1_IRQHandler                         0x0800023b   Thumb Code     0  startup_stm32f207xx.o(.text)
    EXTI2_IRQHandler                         0x0800023b   Thumb Code     0  startup_stm32f207xx.o(.text)
    EXTI3_IRQHandler                         0x0800023b   Thumb Code     0  startup_stm32f207xx.o(.text)
    EXTI4_IRQHandler                         0x0800023b   Thumb Code     0  startup_stm32f207xx.o(.text)
    EXTI9_5_IRQHandler                       0x0800023b   Thumb Code     0  startup_stm32f207xx.o(.text)
    FLASH_IRQHandler                         0x0800023b   Thumb Code     0  startup_stm32f207xx.o(.text)
    FSMC_IRQHandler                          0x0800023b   Thumb Code     0  startup_stm32f207xx.o(.text)
    HASH_RNG_IRQHandler                      0x0800023b   Thumb Code     0  startup_stm32f207xx.o(.text)
    I2C1_ER_IRQHandler                       0x0800023b   Thumb Code     0  startup_stm32f207xx.o(.text)
    I2C1_EV_IRQHandler                       0x0800023b   Thumb Code     0  startup_stm32f207xx.o(.text)
    I2C2_ER_IRQHandler                       0x0800023b   Thumb Code     0  startup_stm32f207xx.o(.text)
    I2C2_EV_IRQHandler                       0x0800023b   Thumb Code     0  startup_stm32f207xx.o(.text)
    I2C3_ER_IRQHandler                       0x0800023b   Thumb Code     0  startup_stm32f207xx.o(.text)
    I2C3_EV_IRQHandler                       0x0800023b   Thumb Code     0  startup_stm32f207xx.o(.text)
    OTG_FS_IRQHandler                        0x0800023b   Thumb Code     0  startup_stm32f207xx.o(.text)
    OTG_FS_WKUP_IRQHandler                   0x0800023b   Thumb Code     0  startup_stm32f207xx.o(.text)
    OTG_HS_EP1_IN_IRQHandler                 0x0800023b   Thumb Code     0  startup_stm32f207xx.o(.text)
    OTG_HS_EP1_OUT_IRQHandler                0x0800023b   Thumb Code     0  startup_stm32f207xx.o(.text)
    OTG_HS_IRQHandler                        0x0800023b   Thumb Code     0  startup_stm32f207xx.o(.text)
    OTG_HS_WKUP_IRQHandler                   0x0800023b   Thumb Code     0  startup_stm32f207xx.o(.text)
    PVD_IRQHandler                           0x0800023b   Thumb Code     0  startup_stm32f207xx.o(.text)
    RCC_IRQHandler                           0x0800023b   Thumb Code     0  startup_stm32f207xx.o(.text)
    RTC_Alarm_IRQHandler                     0x0800023b   Thumb Code     0  startup_stm32f207xx.o(.text)
    RTC_WKUP_IRQHandler                      0x0800023b   Thumb Code     0  startup_stm32f207xx.o(.text)
    SDIO_IRQHandler                          0x0800023b   Thumb Code     0  startup_stm32f207xx.o(.text)
    SPI1_IRQHandler                          0x0800023b   Thumb Code     0  startup_stm32f207xx.o(.text)
    SPI2_IRQHandler                          0x0800023b   Thumb Code     0  startup_stm32f207xx.o(.text)
    SPI3_IRQHandler                          0x0800023b   Thumb Code     0  startup_stm32f207xx.o(.text)
    TAMP_STAMP_IRQHandler                    0x0800023b   Thumb Code     0  startup_stm32f207xx.o(.text)
    TIM1_BRK_TIM9_IRQHandler                 0x0800023b   Thumb Code     0  startup_stm32f207xx.o(.text)
    TIM1_CC_IRQHandler                       0x0800023b   Thumb Code     0  startup_stm32f207xx.o(.text)
    TIM1_TRG_COM_TIM11_IRQHandler            0x0800023b   Thumb Code     0  startup_stm32f207xx.o(.text)
    TIM1_UP_TIM10_IRQHandler                 0x0800023b   Thumb Code     0  startup_stm32f207xx.o(.text)
    TIM2_IRQHandler                          0x0800023b   Thumb Code     0  startup_stm32f207xx.o(.text)
    TIM3_IRQHandler                          0x0800023b   Thumb Code     0  startup_stm32f207xx.o(.text)
    TIM4_IRQHandler                          0x0800023b   Thumb Code     0  startup_stm32f207xx.o(.text)
    TIM5_IRQHandler                          0x0800023b   Thumb Code     0  startup_stm32f207xx.o(.text)
    TIM6_DAC_IRQHandler                      0x0800023b   Thumb Code     0  startup_stm32f207xx.o(.text)
    TIM7_IRQHandler                          0x0800023b   Thumb Code     0  startup_stm32f207xx.o(.text)
    TIM8_BRK_TIM12_IRQHandler                0x0800023b   Thumb Code     0  startup_stm32f207xx.o(.text)
    TIM8_CC_IRQHandler                       0x0800023b   Thumb Code     0  startup_stm32f207xx.o(.text)
    TIM8_TRG_COM_TIM14_IRQHandler            0x0800023b   Thumb Code     0  startup_stm32f207xx.o(.text)
    TIM8_UP_TIM13_IRQHandler                 0x0800023b   Thumb Code     0  startup_stm32f207xx.o(.text)
    UART4_IRQHandler                         0x0800023b   Thumb Code     0  startup_stm32f207xx.o(.text)
    UART5_IRQHandler                         0x0800023b   Thumb Code     0  startup_stm32f207xx.o(.text)
    USART1_IRQHandler                        0x0800023b   Thumb Code     0  startup_stm32f207xx.o(.text)
    USART2_IRQHandler                        0x0800023b   Thumb Code     0  startup_stm32f207xx.o(.text)
    USART3_IRQHandler                        0x0800023b   Thumb Code     0  startup_stm32f207xx.o(.text)
    USART6_IRQHandler                        0x0800023b   Thumb Code     0  startup_stm32f207xx.o(.text)
    WWDG_IRQHandler                          0x0800023b   Thumb Code     0  startup_stm32f207xx.o(.text)
    __user_initial_stackheap                 0x0800023d   Thumb Code     0  startup_stm32f207xx.o(.text)
    __use_two_region_memory                  0x08000261   Thumb Code     2  heapauxi.o(.text)
    __rt_heap_escrow$2region                 0x08000263   Thumb Code     2  heapauxi.o(.text)
    __rt_heap_expand$2region                 0x08000265   Thumb Code     2  heapauxi.o(.text)
    __user_setup_stackheap                   0x08000267   Thumb Code    74  sys_stackheap_outer.o(.text)
    exit                                     0x080002b1   Thumb Code    12  exit.o(.text)
    __user_libspace                          0x080002bd   Thumb Code     8  libspace.o(.text)
    __user_perproc_libspace                  0x080002bd   Thumb Code     0  libspace.o(.text)
    __user_perthread_libspace                0x080002bd   Thumb Code     0  libspace.o(.text)
    _sys_exit                                0x080002c5   Thumb Code     8  sys_exit.o(.text)
    __I$use$semihosting                      0x080002d1   Thumb Code     0  use_no_semi.o(.text)
    __use_no_semihosting_swi                 0x080002d1   Thumb Code     2  use_no_semi.o(.text)
    __semihosting_library_function           0x080002d3   Thumb Code     0  indicate_semi.o(.text)
    EXTI0_IRQHandler                         0x080002d5   Thumb Code    24  lab3.o(i.EXTI0_IRQHandler)
    EXTI15_10_IRQHandler                     0x080002f1   Thumb Code    24  lab3.o(i.EXTI15_10_IRQHandler)
    PG6                                      0x0800030d   Thumb Code   116  lab3.o(i.PG6)
    PG6off                                   0x08000389   Thumb Code    14  lab3.o(i.PG6off)
    PG7                                      0x0800039d   Thumb Code   112  lab3.o(i.PG7)
    PG7off                                   0x08000415   Thumb Code    14  lab3.o(i.PG7off)
    PG8                                      0x08000429   Thumb Code   116  lab3.o(i.PG8)
    PG8off                                   0x080004a5   Thumb Code    14  lab3.o(i.PG8off)
    SystemInit                               0x080004b9   Thumb Code     2  system_stm32f2xx.o(i.SystemInit)
    delay                                    0x08000505   Thumb Code    28  lab3.o(i.delay)
    main                                     0x08000525   Thumb Code   382  lab3.o(i.main)
    Region$$Table$$Base                      0x080006c0   Number         0  anon$$obj.o(Region$$Table)
    Region$$Table$$Limit                     0x080006e0   Number         0  anon$$obj.o(Region$$Table)
    j                                        0x20000000   Data           4  lab3.o(.data)
    __libspace_start                         0x20000004   Data          96  libspace.o(.bss)
    __temporary_stack_top$libspace           0x20000064   Data           0  libspace.o(.bss)



==============================================================================

Memory Map of the image

  Image Entry point : 0x08000221

  Load Region LR_1 (Base: 0x08000000, Size: 0x000006e4, Max: 0xffffffff, ABSOLUTE)

    Execution Region ER_RO (Base: 0x08000000, Size: 0x000006e0, Max: 0xffffffff, ABSOLUTE)

    Base Addr    Size         Type   Attr      Idx    E Section Name        Object

    0x08000000   0x00000184   Data   RO         1374    RESET               startup_stm32f207xx.o
    0x08000184   0x00000008   Code   RO         1422  * !!!main             c_w.l(__main.o)
    0x0800018c   0x00000034   Code   RO         1588    !!!scatter          c_w.l(__scatter.o)
    0x080001c0   0x0000001a   Code   RO         1590    !!handler_copy      c_w.l(__scatter_copy.o)
    0x080001da   0x00000002   PAD
    0x080001dc   0x0000001c   Code   RO         1592    !!handler_zi        c_w.l(__scatter_zi.o)
    0x080001f8   0x00000002   Code   RO         1459    .ARM.Collect$$libinit$$00000000  c_w.l(libinit.o)
    0x080001fa   0x00000000   Code   RO         1472    .ARM.Collect$$libinit$$00000002  c_w.l(libinit2.o)
    0x080001fa   0x00000000   Code   RO         1474    .ARM.Collect$$libinit$$00000004  c_w.l(libinit2.o)
    0x080001fa   0x00000000   Code   RO         1477    .ARM.Collect$$libinit$$0000000A  c_w.l(libinit2.o)
    0x080001fa   0x00000000   Code   RO         1479    .ARM.Collect$$libinit$$0000000C  c_w.l(libinit2.o)
    0x080001fa   0x00000000   Code   RO         1481    .ARM.Collect$$libinit$$0000000E  c_w.l(libinit2.o)
    0x080001fa   0x00000000   Code   RO         1484    .ARM.Collect$$libinit$$00000011  c_w.l(libinit2.o)
    0x080001fa   0x00000000   Code   RO         1486    .ARM.Collect$$libinit$$00000013  c_w.l(libinit2.o)
    0x080001fa   0x00000000   Code   RO         1488    .ARM.Collect$$libinit$$00000015  c_w.l(libinit2.o)
    0x080001fa   0x00000000   Code   RO         1490    .ARM.Collect$$libinit$$00000017  c_w.l(libinit2.o)
    0x080001fa   0x00000000   Code   RO         1492    .ARM.Collect$$libinit$$00000019  c_w.l(libinit2.o)
    0x080001fa   0x00000000   Code   RO         1494    .ARM.Collect$$libinit$$0000001B  c_w.l(libinit2.o)
    0x080001fa   0x00000000   Code   RO         1496    .ARM.Collect$$libinit$$0000001D  c_w.l(libinit2.o)
    0x080001fa   0x00000000   Code   RO         1498    .ARM.Collect$$libinit$$0000001F  c_w.l(libinit2.o)
    0x080001fa   0x00000000   Code   RO         1500    .ARM.Collect$$libinit$$00000021  c_w.l(libinit2.o)
    0x080001fa   0x00000000   Code   RO         1502    .ARM.Collect$$libinit$$00000023  c_w.l(libinit2.o)
    0x080001fa   0x00000000   Code   RO         1504    .ARM.Collect$$libinit$$00000025  c_w.l(libinit2.o)
    0x080001fa   0x00000000   Code   RO         1508    .ARM.Collect$$libinit$$0000002C  c_w.l(libinit2.o)
    0x080001fa   0x00000000   Code   RO         1510    .ARM.Collect$$libinit$$0000002E  c_w.l(libinit2.o)
    0x080001fa   0x00000000   Code   RO         1512    .ARM.Collect$$libinit$$00000030  c_w.l(libinit2.o)
    0x080001fa   0x00000000   Code   RO         1514    .ARM.Collect$$libinit$$00000032  c_w.l(libinit2.o)
    0x080001fa   0x00000002   Code   RO         1515    .ARM.Collect$$libinit$$00000033  c_w.l(libinit2.o)
    0x080001fc   0x00000002   Code   RO         1546    .ARM.Collect$$libshutdown$$00000000  c_w.l(libshutdown.o)
    0x080001fe   0x00000000   Code   RO         1573    .ARM.Collect$$libshutdown$$00000003  c_w.l(libshutdown2.o)
    0x080001fe   0x00000000   Code   RO         1576    .ARM.Collect$$libshutdown$$00000006  c_w.l(libshutdown2.o)
    0x080001fe   0x00000000   Code   RO         1579    .ARM.Collect$$libshutdown$$00000009  c_w.l(libshutdown2.o)
    0x080001fe   0x00000000   Code   RO         1581    .ARM.Collect$$libshutdown$$0000000B  c_w.l(libshutdown2.o)
    0x080001fe   0x00000000   Code   RO         1584    .ARM.Collect$$libshutdown$$0000000E  c_w.l(libshutdown2.o)
    0x080001fe   0x00000002   Code   RO         1585    .ARM.Collect$$libshutdown$$0000000F  c_w.l(libshutdown2.o)
    0x08000200   0x00000000   Code   RO         1424    .ARM.Collect$$rtentry$$00000000  c_w.l(__rtentry.o)
    0x08000200   0x00000000   Code   RO         1430    .ARM.Collect$$rtentry$$00000002  c_w.l(__rtentry2.o)
    0x08000200   0x00000006   Code   RO         1442    .ARM.Collect$$rtentry$$00000004  c_w.l(__rtentry4.o)
    0x08000206   0x00000000   Code   RO         1432    .ARM.Collect$$rtentry$$00000009  c_w.l(__rtentry2.o)
    0x08000206   0x00000004   Code   RO         1433    .ARM.Collect$$rtentry$$0000000A  c_w.l(__rtentry2.o)
    0x0800020a   0x00000000   Code   RO         1435    .ARM.Collect$$rtentry$$0000000C  c_w.l(__rtentry2.o)
    0x0800020a   0x00000008   Code   RO         1436    .ARM.Collect$$rtentry$$0000000D  c_w.l(__rtentry2.o)
    0x08000212   0x00000002   Code   RO         1463    .ARM.Collect$$rtexit$$00000000  c_w.l(rtexit.o)
    0x08000214   0x00000000   Code   RO         1519    .ARM.Collect$$rtexit$$00000002  c_w.l(rtexit2.o)
    0x08000214   0x00000004   Code   RO         1520    .ARM.Collect$$rtexit$$00000003  c_w.l(rtexit2.o)
    0x08000218   0x00000006   Code   RO         1521    .ARM.Collect$$rtexit$$00000004  c_w.l(rtexit2.o)
    0x0800021e   0x00000002   PAD
    0x08000220   0x00000040   Code   RO         1375  * .text               startup_stm32f207xx.o
    0x08000260   0x00000006   Code   RO         1420    .text               c_w.l(heapauxi.o)
    0x08000266   0x0000004a   Code   RO         1446    .text               c_w.l(sys_stackheap_outer.o)
    0x080002b0   0x0000000c   Code   RO         1448    .text               c_w.l(exit.o)
    0x080002bc   0x00000008   Code   RO         1460    .text               c_w.l(libspace.o)
    0x080002c4   0x0000000c   Code   RO         1516    .text               c_w.l(sys_exit.o)
    0x080002d0   0x00000002   Code   RO         1535    .text               c_w.l(use_no_semi.o)
    0x080002d2   0x00000000   Code   RO         1537    .text               c_w.l(indicate_semi.o)
    0x080002d2   0x00000002   PAD
    0x080002d4   0x0000001c   Code   RO            4    i.EXTI0_IRQHandler  lab3.o
    0x080002f0   0x0000001c   Code   RO            5    i.EXTI15_10_IRQHandler  lab3.o
    0x0800030c   0x0000007c   Code   RO            6    i.PG6               lab3.o
    0x08000388   0x00000014   Code   RO            7    i.PG6off            lab3.o
    0x0800039c   0x00000078   Code   RO            8    i.PG7               lab3.o
    0x08000414   0x00000014   Code   RO            9    i.PG7off            lab3.o
    0x08000428   0x0000007c   Code   RO           10    i.PG8               lab3.o
    0x080004a4   0x00000014   Code   RO           11    i.PG8off            lab3.o
    0x080004b8   0x00000002   Code   RO         1383    i.SystemInit        system_stm32f2xx.o
    0x080004ba   0x00000022   Code   RO           12    i.__NVIC_EnableIRQ  lab3.o
    0x080004dc   0x00000028   Code   RO           13    i.__NVIC_SetPriority  lab3.o
    0x08000504   0x00000020   Code   RO           14    i.delay             lab3.o
    0x08000524   0x0000019c   Code   RO           15    i.main              lab3.o
    0x080006c0   0x00000020   Data   RO         1586    Region$$Table       anon$$obj.o


    Execution Region ER_RW (Base: 0x20000000, Size: 0x00000004, Max: 0xffffffff, ABSOLUTE)

    Base Addr    Size         Type   Attr      Idx    E Section Name        Object

    0x20000000   0x00000004   Data   RW           16    .data               lab3.o


    Execution Region ER_ZI (Base: 0x20000004, Size: 0x00000664, Max: 0xffffffff, ABSOLUTE)

    Base Addr    Size         Type   Attr      Idx    E Section Name        Object

    0x20000004   0x00000060   Zero   RW         1461    .bss                c_w.l(libspace.o)
    0x20000064   0x00000004   PAD
    0x20000068   0x00000200   Zero   RW         1373    HEAP                startup_stm32f207xx.o
    0x20000268   0x00000400   Zero   RW         1372    STACK               startup_stm32f207xx.o


==============================================================================

Image component sizes


      Code (inc. data)   RO Data    RW Data    ZI Data      Debug   Object Name

      1002         92          0          4          0     570353   lab3.o
        64         26        388          0       1536        788   startup_stm32f207xx.o
         2          0          0          0          0        413   system_stm32f2xx.o

    ----------------------------------------------------------------------
      1068        118        420          4       1536     571554   Object Totals
         0          0         32          0          0          0   (incl. Generated)
         0          0          0          0          0          0   (incl. Padding)

    ----------------------------------------------------------------------

      Code (inc. data)   RO Data    RW Data    ZI Data      Debug   Library Member Name

         8          0          0          0          0         68   __main.o
         0          0          0          0          0          0   __rtentry.o
        12          0          0          0          0          0   __rtentry2.o
         6          0          0          0          0          0   __rtentry4.o
        52          8          0          0          0          0   __scatter.o
        26          0          0          0          0          0   __scatter_copy.o
        28          0          0          0          0          0   __scatter_zi.o
        12          0          0          0          0         72   exit.o
         6          0          0          0          0        152   heapauxi.o
         0          0          0          0          0          0   indicate_semi.o
         2          0          0          0          0          0   libinit.o
         2          0          0          0          0          0   libinit2.o
         2          0          0          0          0          0   libshutdown.o
         2          0          0          0          0          0   libshutdown2.o
         8          4          0          0         96         68   libspace.o
         2          0          0          0          0          0   rtexit.o
        10          0          0          0          0          0   rtexit2.o
        12          4          0          0          0         68   sys_exit.o
        74          0          0          0          0         80   sys_stackheap_outer.o
         2          0          0          0          0         68   use_no_semi.o

    ----------------------------------------------------------------------
       272         16          0          0        100        576   Library Totals
         6          0          0          0          4          0   (incl. Padding)

    ----------------------------------------------------------------------

      Code (inc. data)   RO Data    RW Data    ZI Data      Debug   Library Name

       266         16          0          0         96        576   c_w.l

    ----------------------------------------------------------------------
       272         16          0          0        100        576   Library Totals

    ----------------------------------------------------------------------

==============================================================================


      Code (inc. data)   RO Data    RW Data    ZI Data      Debug   

      1340        134        420          4       1636     571450   Grand Totals
      1340        134        420          4       1636     571450   ELF Image Totals
      1340        134        420          4          0          0   ROM Totals

==============================================================================

    Total RO  Size (Code + RO Data)                 1760 (   1.72kB)
    Total RW  Size (RW Data + ZI Data)              1640 (   1.60kB)
    Total ROM Size (Code + RO Data + RW Data)       1764 (   1.72kB)

==============================================================================

