<html>
<body>
<pre>
<h1>µVision Build Log</h1>
<h2>Tool Versions:</h2>
IDE-Version: µVision V5.15
Copyright (C) 2015 ARM Ltd and ARM Germany GmbH. All rights reserved.
License Information: a a, a, LIC=----
 
Tool Versions:
Toolchain:       MDK-Lite  Version: 5.15.0
Toolchain Path:  C:\Keil_v5\ARM\ARMCC\Bin
C Compiler:      Armcc.exe V5.05 update 2 (build 169)
Assembler:       Armasm.exe V5.05 update 2 (build 169)
Linker/Locator:  ArmLink.exe V5.05 update 2 (build 169)
Library Manager: ArmAr.exe V5.05 update 2 (build 169)
Hex Converter:   FromElf.exe V5.05 update 2 (build 169)
CPU DLL:         SARMCM3.DLL V5.15.0
Dialog DLL:      DCM.DLL V1.13.2.0
Target DLL:      UL2CM3.DLL V1.155.8.0
Dialog DLL:      TCM.DLL V1.14.5.0
 
<h2>Project:</h2>
F:\git\micro\Lab2\MyBlinkyMod.uvprojx
Project File Date:  02/21/2023

<h2>Output:</h2>
*** Using Compiler 'V5.05 update 2 (build 169)', folder: 'C:\Keil_v5\ARM\ARMCC\Bin'
Build target 'MCBSTM32F200'
compiling BlinkyLed.c...
BlinkyLed.c(27): warning:  #1-D: last line of file ends without a newline
  }
BlinkyLed.c: 1 warning, 0 errors
linking...
Program Size: Code=408 RO-data=404 RW-data=0 ZI-data=1632  
".\Objects\MyBlinkyMod.axf" - 0 Error(s), 1 Warning(s).

<h2>Software Packages used:</h2>

Package Vendor: ARM
                http://www.keil.com/pack/ARM.CMSIS.5.9.0.pack
                ARM::CMSIS:CORE:5.6.0
                CMSIS (Common Microcontroller Software Interface Standard)
   * Component: CORE Version: 5.6.0

Package Vendor: Keil
                http://www.keil.com/pack/Keil.STM32F2xx_DFP.2.10.0.pack
                Keil::Device:STM32Cube HAL:RCC:1.2.7
                STMicroelectronics STM32F2 Series Device Support, Drivers and Examples
   * Component: RCC Version: 1.2.7
   * Component: Classic Version: 1.2.7
   * Component: Common Version: 1.2.7
   * Component: Cortex Version: 1.2.7
   * Component: STM32Cube Framework Version: 1.0.0
   * Component: Startup Version: 2.2.1
   * Component: GPIO Version: 1.2.7

<h2>Collection of Component include folders:</h2>
  F:\git\micro\Lab2\RTE
  F:\git\micro\Lab2\RTE\Device\STM32F207IGHx
  C:\Keil_v5\ARM\PACK\ARM\CMSIS\5.9.0\CMSIS\Core\Include
  C:\Keil_v5\ARM\PACK\Keil\STM32F2xx_DFP\2.10.0\Drivers\CMSIS\Device\ST\STM32F2xx\Include
  C:\Keil_v5\ARM\PACK\Keil\STM32F2xx_DFP\2.10.0\Drivers\STM32F2xx_HAL_Driver\Inc

<h2>Collection of Component Files used:</h2>

   * Component: ARM::CMSIS:CORE:5.6.0
      Source file:   CMSIS\Core\Template\ARMv8-M\main_s.c
      Include file:  CMSIS\Core\Include\tz_context.h
      Source file:   CMSIS\Core\Template\ARMv8-M\tz_context.c

   * Component: Keil::Device:STM32Cube HAL:RCC:1.2.7
      Source file:   Drivers\STM32F2xx_HAL_Driver\Src\stm32f2xx_hal_rcc.c
      Source file:   Drivers\STM32F2xx_HAL_Driver\Src\stm32f2xx_hal_rcc_ex.c

   * Component: Keil::Device:STM32Cube Framework:Classic:1.2.7
      Include file:  MDK\Templates\Inc\main.h
      Include file:  MDK\Templates\Inc\stm32f2xx_it.h
      Source file:   MDK\Templates\Src\stm32f2xx_it.c
      Include file:  MDK\Templates_LL\Inc\main.h
      Source file:   MDK\Templates\Src\stm32f2xx_hal_msp.c
      Source file:   MDK\Templates_LL\Src\main.c
      Source file:   MDK\Templates\Src\main.c
      Include file:  CMSIS\Driver\Config\RTE_Device.h
      Include file:  MDK\Templates\Inc\stm32f2xx_hal_conf.h

   * Component: Keil::Device:STM32Cube HAL:Common:1.2.7
      Source file:   Drivers\STM32F2xx_HAL_Driver\Src\stm32f2xx_hal.c
      Include file:  Drivers\STM32F2xx_HAL_Driver\Inc\stm32f2xx_hal.h

   * Component: Keil::Device:STM32Cube HAL:Cortex:1.2.7
      Source file:   Drivers\STM32F2xx_HAL_Driver\Src\stm32f2xx_hal_cortex.c

   * Component: ::Device:STM32Cube Framework:1.0.0 (API)

   * Component: Keil::Device:Startup:2.2.1
      Source file:   MDK\Device\Source\ARM\STM32F2xx_OPT.s
      Include file:  Drivers\CMSIS\Device\ST\STM32F2xx\Include\stm32f2xx.h
      Source file:   MDK\Device\Source\ARM\STM32F2xx_OTP.s
      Source file:   Drivers\CMSIS\Device\ST\STM32F2xx\Source\Templates\arm\startup_stm32f207xx.s
      Source file:   Drivers\CMSIS\Device\ST\STM32F2xx\Source\Templates\system_stm32f2xx.c

   * Component: Keil::Device:STM32Cube HAL:GPIO:1.2.7
      Source file:   Drivers\STM32F2xx_HAL_Driver\Src\stm32f2xx_hal_gpio.c
</pre>
</body>
</html>
